2025-09-27 13:13:02.983 - INFO - [ASTER_ASTER] === Trading Configuration ===
2025-09-27 13:13:02.983 - INFO - [ASTER_ASTER] Ticker: ASTER
2025-09-27 13:13:02.983 - INFO - [ASTER_ASTER] Contract ID: ASTERUSDT
2025-09-27 13:13:02.983 - INFO - [ASTER_ASTER] Quantity: 30
2025-09-27 13:13:02.984 - INFO - [ASTER_ASTER] Take Profit: 0.04%
2025-09-27 13:13:02.984 - INFO - [ASTER_ASTER] Direction: buy
2025-09-27 13:13:02.984 - INFO - [ASTER_ASTER] Max Orders: 10
2025-09-27 13:13:02.985 - INFO - [ASTER_ASTER] Wait Time: 30s
2025-09-27 13:13:02.985 - INFO - [ASTER_ASTER] Exchange: aster
2025-09-27 13:13:02.986 - INFO - [ASTER_ASTER] Grid Step: 0.2%
2025-09-27 13:13:02.986 - INFO - [ASTER_ASTER] Stop Price: -1
2025-09-27 13:13:02.986 - INFO - [ASTER_ASTER] Pause Price: -1
2025-09-27 13:13:02.986 - INFO - [ASTER_ASTER] Aster Boost: False
2025-09-27 13:13:02.987 - INFO - [ASTER_ASTER] =============================
2025-09-27 13:13:03.544 - INFO - [ASTER_ASTER] Connected to Aster WebSocket with listen key
2025-09-27 13:13:05.395 - INFO - [ASTER_ASTER] Current Position: 0.00 | Active closing amount: 0 | Order quantity: 0
2025-09-27 13:13:05.638 - INFO - [ASTER_ASTER] [OPEN] [199870304] OPEN 30 @ 2.02810
2025-09-27 13:13:12.091 - INFO - [ASTER_ASTER] [OPEN] [199870304] FILLED 30 @ 2.02810
2025-09-27 13:13:12.435 - INFO - [ASTER_ASTER] [CLOSE] [199875931] OPEN 30 @ 2.02890
2025-09-27 13:13:15.754 - INFO - [ASTER_ASTER] [CLOSE] [199875931] FILLED 30 @ 2.02890
2025-09-27 13:13:16.011 - INFO - [ASTER_ASTER] [OPEN] [199878960] OPEN 30 @ 2.02910
2025-09-27 13:13:28.137 - INFO - [ASTER_ASTER] [OPEN] [199878960] Cancelling order and placing a new order
2025-09-27 13:13:28.270 - INFO - [ASTER_ASTER] [OPEN] [199878960] CANCELED 30 @ 2.02910
2025-09-27 13:13:28.638 - INFO - [ASTER_ASTER] [OPEN] [199890028] OPEN 30 @ 2.03600
2025-09-27 13:13:29.288 - INFO - [ASTER_ASTER] [OPEN] [199890028] FILLED 30 @ 2.03600
2025-09-27 13:13:29.727 - INFO - [ASTER_ASTER] [CLOSE] [199890851] OPEN 30 @ 2.03680
2025-09-27 13:13:38.244 - INFO - [ASTER_ASTER] [OPEN] [199899504] OPEN 30 @ 2.02760
2025-09-27 13:13:38.457 - INFO - [ASTER_ASTER] [OPEN] [199899504] PARTIALLY_FILLED 11.95 @ 2.02760
2025-09-27 13:13:39.052 - INFO - [ASTER_ASTER] [OPEN] [199899504] PARTIALLY_FILLED 23.95 @ 2.02760
2025-09-27 13:13:48.678 - INFO - [ASTER_ASTER] [OPEN] [199899504] Cancelling order and placing a new order
2025-09-27 13:13:48.865 - INFO - [ASTER_ASTER] [OPEN] [199899504] CANCELED 30 @ 2.02760
2025-09-27 13:13:49.679 - INFO - [ASTER_ASTER] [CLOSE] [199902838] OPEN 23.95 @ 2.02950
2025-09-27 13:13:49.679 - INFO - [ASTER_ASTER] [CLOSE] [199902838] EXPIRED 23.95 @ 2.02950
2025-09-27 13:13:50.311 - INFO - [ASTER_ASTER] [CLOSE] [199902898] OPEN 23.95 @ 2.02960
2025-09-27 13:13:51.255 - INFO - [ASTER_ASTER] [CLOSE] [199902898] PARTIALLY_FILLED 19.27 @ 2.02960
2025-09-27 13:13:51.262 - INFO - [ASTER_ASTER] [CLOSE] [199902898] FILLED 23.95 @ 2.02960
2025-09-27 13:13:52.171 - INFO - [ASTER_ASTER] [OPEN] [199903166] OPEN 30 @ 2.02950
2025-09-27 13:13:55.339 - INFO - [ASTER_ASTER] [OPEN] [199903166] FILLED 30 @ 2.02950
2025-09-27 13:13:55.894 - INFO - [ASTER_ASTER] [CLOSE] [199903862] OPEN 30 @ 2.03030
2025-09-27 13:14:05.964 - INFO - [ASTER_ASTER] Current Position: 60.00 | Active closing amount: 60 | Order quantity: 2
2025-09-27 13:15:05.837 - INFO - [ASTER_ASTER] [CLOSE] [199903862] FILLED 30 @ 2.03030
2025-09-27 13:15:06.641 - INFO - [ASTER_ASTER] Current Position: 30.00 | Active closing amount: 30 | Order quantity: 1
2025-09-27 13:15:11.865 - INFO - [ASTER_ASTER] [CLOSE] [199890851] FILLED 30 @ 2.03680
2025-09-27 13:15:12.711 - INFO - [ASTER_ASTER] [OPEN] [199945981] OPEN 30 @ 2.03690
2025-09-27 13:15:13.990 - INFO - [ASTER_ASTER] [OPEN] [199945981] PARTIALLY_FILLED 3 @ 2.03690
2025-09-27 13:15:14.395 - INFO - [ASTER_ASTER] [OPEN] [199945981] FILLED 30 @ 2.03690
2025-09-27 13:15:14.949 - INFO - [ASTER_ASTER] [CLOSE] [199947764] OPEN 30 @ 2.03770
2025-09-27 13:15:22.454 - INFO - [ASTER_ASTER] [CLOSE] [199947764] FILLED 30 @ 2.03770
2025-09-27 13:15:23.812 - INFO - [ASTER_ASTER] [OPEN] [199954020] OPEN 30 @ 2.03820
2025-09-27 13:15:35.953 - INFO - [ASTER_ASTER] [OPEN] [199954020] Cancelling order and placing a new order
2025-09-27 13:15:36.092 - INFO - [ASTER_ASTER] [OPEN] [199954020] CANCELED 30 @ 2.03820
2025-09-27 13:15:36.693 - INFO - [ASTER_ASTER] [OPEN] [199964541] OPEN 30 @ 2.04500
2025-09-27 13:15:36.693 - INFO - [ASTER_ASTER] [OPEN] [199964541] EXPIRED 30 @ 2.04500
2025-09-27 13:15:37.206 - INFO - [ASTER_ASTER] [OPEN] [199964856] OPEN 30 @ 2.04490
2025-09-27 13:15:37.287 - INFO - [ASTER_ASTER] [OPEN] [199964856] FILLED 30 @ 2.04490
2025-09-27 13:15:37.884 - INFO - [ASTER_ASTER] [CLOSE] [199965228] OPEN 30 @ 2.04570
2025-09-27 13:15:46.630 - INFO - [ASTER_ASTER] [OPEN] [199970619] OPEN 30 @ 2.03290
2025-09-27 13:15:46.684 - INFO - [ASTER_ASTER] [OPEN] [199970619] FILLED 30 @ 2.03290
2025-09-27 13:15:47.508 - INFO - [ASTER_ASTER] [CLOSE] [199971045] OPEN 30 @ 2.03370
2025-09-27 13:16:02.686 - INFO - [ASTER_ASTER] [OPEN] [199977319] OPEN 30 @ 2.02860
2025-09-27 13:16:02.899 - INFO - [ASTER_ASTER] [OPEN] [199977319] FILLED 30 @ 2.02860
2025-09-27 13:16:03.338 - INFO - [ASTER_ASTER] [CLOSE] [199977569] OPEN 30 @ 2.02940
2025-09-27 13:16:03.761 - INFO - [ASTER_ASTER] [CLOSE] [199977569] FILLED 30 @ 2.02940
2025-09-27 13:16:04.429 - INFO - [ASTER_ASTER] [OPEN] [199978349] OPEN 30 @ 2.02830
2025-09-27 13:16:04.698 - INFO - [ASTER_ASTER] [OPEN] [199978349] FILLED 30 @ 2.02830
2025-09-27 13:16:05.277 - INFO - [ASTER_ASTER] [CLOSE] [199979313] OPEN 30 @ 2.02910
2025-09-27 13:16:07.781 - INFO - [ASTER_ASTER] Current Position: 90.00 | Active closing amount: 90 | Order quantity: 3
2025-09-27 13:16:08.338 - INFO - [ASTER_ASTER] [CLOSE] [199979313] PARTIALLY_FILLED 0.10 @ 2.02910
2025-09-27 13:16:08.338 - INFO - [ASTER_ASTER] [CLOSE] [199979313] FILLED 30 @ 2.02910
2025-09-27 13:16:09.362 - INFO - [ASTER_ASTER] [OPEN] [199981867] OPEN 30 @ 2.02890
2025-09-27 13:16:09.503 - INFO - [ASTER_ASTER] [OPEN] [199981867] FILLED 30 @ 2.02890
2025-09-27 13:16:10.002 - INFO - [ASTER_ASTER] [CLOSE] [199982296] OPEN 30 @ 2.02970
2025-09-27 13:16:12.168 - INFO - [ASTER_ASTER] [CLOSE] [199982296] FILLED 30 @ 2.02970
2025-09-27 13:16:30.158 - INFO - [ASTER_ASTER] [OPEN] [199991325] OPEN 30 @ 2.02710
2025-09-27 13:16:30.158 - INFO - [ASTER_ASTER] [OPEN] [199991325] EXPIRED 30 @ 2.02710
2025-09-27 13:16:30.668 - INFO - [ASTER_ASTER] [OPEN] [199991563] OPEN 30 @ 2.02600
2025-09-27 13:16:42.802 - INFO - [ASTER_ASTER] [OPEN] [199991563] Cancelling order and placing a new order
2025-09-27 13:16:42.926 - INFO - [ASTER_ASTER] [OPEN] [199991563] CANCELED 30 @ 2.02600
2025-09-27 13:16:49.900 - INFO - [ASTER_ASTER] [OPEN] [200000808] OPEN 30 @ 2.02850
2025-09-27 13:16:50.311 - INFO - [ASTER_ASTER] [OPEN] [200000808] FILLED 30 @ 2.02850
2025-09-27 13:16:50.782 - INFO - [ASTER_ASTER] [CLOSE] [200001302] OPEN 30 @ 2.02930
2025-09-27 13:17:06.132 - INFO - [ASTER_ASTER] [OPEN] [200011351] OPEN 30 @ 2.01870
2025-09-27 13:17:06.954 - INFO - [ASTER_ASTER] [OPEN] [200011351] FILLED 30 @ 2.01870
2025-09-27 13:17:07.388 - INFO - [ASTER_ASTER] [CLOSE] [200011677] OPEN 30 @ 2.01950
2025-09-27 13:17:07.993 - INFO - [ASTER_ASTER] [CLOSE] [200011677] PARTIALLY_FILLED 3.20 @ 2.01950
2025-09-27 13:17:08.126 - INFO - [ASTER_ASTER] [CLOSE] [200011677] FILLED 30 @ 2.01950
2025-09-27 13:17:08.452 - INFO - [ASTER_ASTER] Current Position: 90.00 | Active closing amount: 90 | Order quantity: 3
2025-09-27 13:17:09.108 - INFO - [ASTER_ASTER] [OPEN] [200012736] OPEN 30 @ 2.01870
2025-09-27 13:17:09.196 - INFO - [ASTER_ASTER] [OPEN] [200012736] FILLED 30 @ 2.01870
2025-09-27 13:17:09.685 - INFO - [ASTER_ASTER] [CLOSE] [200012992] OPEN 30 @ 2.01950
2025-09-27 13:17:09.834 - INFO - [ASTER_ASTER] [CLOSE] [200012992] FILLED 30 @ 2.01950
2025-09-27 13:17:10.351 - INFO - [ASTER_ASTER] [OPEN] [200013398] OPEN 30 @ 2.01940
2025-09-27 13:17:11.394 - INFO - [ASTER_ASTER] [OPEN] [200013398] FILLED 30 @ 2.01940
2025-09-27 13:17:11.882 - INFO - [ASTER_ASTER] [CLOSE] [200013978] OPEN 30 @ 2.02020
2025-09-27 13:17:27.274 - INFO - [ASTER_ASTER] [CLOSE] [200013978] FILLED 30 @ 2.02020
2025-09-27 13:17:28.516 - INFO - [ASTER_ASTER] [OPEN] [200021488] OPEN 30 @ 2.02060
2025-09-27 13:17:40.610 - INFO - [ASTER_ASTER] [OPEN] [200021488] Cancelling order and placing a new order
2025-09-27 13:17:40.733 - INFO - [ASTER_ASTER] [OPEN] [200021488] CANCELED 30 @ 2.02060
2025-09-27 13:17:41.226 - INFO - [ASTER_ASTER] [OPEN] [200027141] OPEN 30 @ 2.02340
2025-09-27 13:17:42.525 - INFO - [ASTER_ASTER] [OPEN] [200027141] PARTIALLY_FILLED 26.48 @ 2.02340
2025-09-27 13:17:42.613 - INFO - [ASTER_ASTER] [OPEN] [200027141] FILLED 30 @ 2.02340
2025-09-27 13:17:43.081 - INFO - [ASTER_ASTER] [CLOSE] [200027939] OPEN 30 @ 2.02420
2025-09-27 13:18:09.333 - INFO - [ASTER_ASTER] Current Position: 120.00 | Active closing amount: 120 | Order quantity: 4
2025-09-27 13:18:13.321 - INFO - [ASTER_ASTER] [OPEN] [200049839] OPEN 30 @ 2.01690
2025-09-27 13:18:13.321 - INFO - [ASTER_ASTER] [OPEN] [200049839] EXPIRED 30 @ 2.01690
2025-09-27 13:18:14.027 - INFO - [ASTER_ASTER] [OPEN] [200050380] OPEN 30 @ 2.01700
2025-09-27 13:18:14.027 - INFO - [ASTER_ASTER] [OPEN] [200050380] EXPIRED 30 @ 2.01700
2025-09-27 13:18:14.474 - INFO - [ASTER_ASTER] [OPEN] [200050649] OPEN 30 @ 2.01690
2025-09-27 13:18:19.512 - INFO - [ASTER_ASTER] [OPEN] [200050649] FILLED 30 @ 2.01690
2025-09-27 13:18:19.911 - INFO - [ASTER_ASTER] [CLOSE] [200054766] OPEN 30 @ 2.01770
2025-09-27 13:18:51.449 - INFO - [ASTER_ASTER] [OPEN] [200079746] OPEN 30 @ 2.01130
2025-09-27 13:18:56.007 - INFO - [ASTER_ASTER] [OPEN] [200079746] FILLED 30 @ 2.01130
2025-09-27 13:18:56.683 - INFO - [ASTER_ASTER] [CLOSE] [200083655] OPEN 30 @ 2.01240
2025-09-27 13:18:57.120 - INFO - [ASTER_ASTER] [CLOSE] [200083655] FILLED 30 @ 2.01240
2025-09-27 13:18:57.674 - INFO - [ASTER_ASTER] [OPEN] [200084426] OPEN 30 @ 2.01280
2025-09-27 13:18:58.001 - INFO - [ASTER_ASTER] [OPEN] [200084426] PARTIALLY_FILLED 3 @ 2.01280
2025-09-27 13:18:58.191 - INFO - [ASTER_ASTER] [OPEN] [200084426] FILLED 30 @ 2.01280
2025-09-27 13:18:58.601 - INFO - [ASTER_ASTER] [CLOSE] [200085374] OPEN 30 @ 2.01360
2025-09-27 13:19:10.362 - INFO - [ASTER_ASTER] Current Position: 180.00 | Active closing amount: 180 | Order quantity: 6
2025-09-27 13:19:28.808 - INFO - [ASTER_ASTER] [OPEN] [200099781] OPEN 30 @ 1.99950
2025-09-27 13:19:29.080 - INFO - [ASTER_ASTER] [OPEN] [200099781] FILLED 30 @ 1.99950
2025-09-27 13:19:29.628 - INFO - [ASTER_ASTER] [CLOSE] [200099993] OPEN 30 @ 2.00030
2025-09-27 13:19:31.952 - INFO - [ASTER_ASTER] [CLOSE] [200099993] FILLED 30 @ 2.00030
2025-09-27 13:19:33.390 - INFO - [ASTER_ASTER] [OPEN] [200102408] OPEN 30 @ 2.00040
2025-09-27 13:19:33.403 - INFO - [ASTER_ASTER] [OPEN] [200102408] FILLED 30 @ 2.00040
2025-09-27 13:19:34.018 - INFO - [ASTER_ASTER] [CLOSE] [200102516] OPEN 30 @ 2.00120
2025-09-27 13:19:49.468 - INFO - [ASTER_ASTER] [CLOSE] [200102516] PARTIALLY_FILLED 0.89 @ 2.00120
2025-09-27 13:19:49.468 - INFO - [ASTER_ASTER] [CLOSE] [200102516] FILLED 30 @ 2.00120
2025-09-27 13:19:50.135 - INFO - [ASTER_ASTER] [OPEN] [200107006] OPEN 30 @ 2.00290
2025-09-27 13:20:02.176 - INFO - [ASTER_ASTER] [OPEN] [200107006] Cancelling order and placing a new order
2025-09-27 13:20:02.378 - INFO - [ASTER_ASTER] [OPEN] [200107006] CANCELED 30 @ 2.00290
2025-09-27 13:20:02.870 - INFO - [ASTER_ASTER] [OPEN] [200112611] OPEN 30 @ 2.00350
2025-09-27 13:20:02.872 - INFO - [ASTER_ASTER] [OPEN] [200112611] EXPIRED 30 @ 2.00350
2025-09-27 13:20:03.556 - INFO - [ASTER_ASTER] [OPEN] [200112989] OPEN 30 @ 2.00350
2025-09-27 13:20:03.728 - INFO - [ASTER_ASTER] [OPEN] [200112989] FILLED 30 @ 2.00350
2025-09-27 13:20:04.291 - INFO - [ASTER_ASTER] [CLOSE] [200113129] OPEN 30 @ 2.00430
2025-09-27 13:20:05.623 - INFO - [ASTER_ASTER] [CLOSE] [200113129] FILLED 30 @ 2.00430
2025-09-27 13:20:06.167 - INFO - [ASTER_ASTER] [OPEN] [200113772] OPEN 30 @ 2.00440
2025-09-27 13:20:06.783 - INFO - [ASTER_ASTER] [OPEN] [200113772] FILLED 30 @ 2.00440
2025-09-27 13:20:07.280 - INFO - [ASTER_ASTER] [CLOSE] [200114126] OPEN 30 @ 2.00520
2025-09-27 13:20:10.810 - INFO - [ASTER_ASTER] Current Position: 210.00 | Active closing amount: 210 | Order quantity: 7
2025-09-27 13:20:31.550 - INFO - [ASTER_ASTER] [CLOSE] [200114126] PARTIALLY_FILLED 2.38 @ 2.00520
2025-09-27 13:20:31.793 - INFO - [ASTER_ASTER] [CLOSE] [200114126] PARTIALLY_FILLED 5.38 @ 2.00520
2025-09-27 13:20:32.291 - INFO - [ASTER_ASTER] [CLOSE] [200114126] FILLED 30 @ 2.00520
2025-09-27 13:20:32.802 - INFO - [ASTER_ASTER] [OPEN] [200125582] OPEN 30 @ 2.00580
2025-09-27 13:20:38.155 - INFO - [ASTER_ASTER] [OPEN] [200125582] FILLED 30 @ 2.00580
2025-09-27 13:20:38.609 - INFO - [ASTER_ASTER] [CLOSE] [200129743] OPEN 30 @ 2.00660
2025-09-27 13:21:11.725 - INFO - [ASTER_ASTER] Current Position: 210.00 | Active closing amount: 210 | Order quantity: 7
2025-09-27 13:21:39.344 - INFO - [ASTER_ASTER] [OPEN] [200158548] OPEN 30 @ 1.99980
2025-09-27 13:21:39.792 - INFO - [ASTER_ASTER] [OPEN] [200158548] FILLED 30 @ 1.99980
2025-09-27 13:21:40.346 - INFO - [ASTER_ASTER] [CLOSE] [200158900] OPEN 30 @ 2.00060
2025-09-27 13:22:12.708 - INFO - [ASTER_ASTER] Current Position: 240.00 | Active closing amount: 240 | Order quantity: 8
2025-09-27 13:22:19.985 - INFO - [ASTER_ASTER] [CLOSE] [200158900] FILLED 30 @ 2.00060
2025-09-27 13:22:20.574 - INFO - [ASTER_ASTER] [OPEN] [200178438] OPEN 30 @ 2.00030
2025-09-27 13:22:20.823 - INFO - [ASTER_ASTER] [OPEN] [200178438] FILLED 30 @ 2.00030
2025-09-27 13:22:21.489 - INFO - [ASTER_ASTER] [CLOSE] [200179154] OPEN 30 @ 2.00110
2025-09-27 13:22:23.759 - INFO - [ASTER_ASTER] [CLOSE] [200179154] FILLED 30 @ 2.00110
2025-09-27 13:22:25.371 - INFO - [ASTER_ASTER] [OPEN] [200182282] OPEN 30 @ 1.99990
2025-09-27 13:22:26.293 - INFO - [ASTER_ASTER] [OPEN] [200182282] FILLED 30 @ 1.99990
2025-09-27 13:22:27.050 - INFO - [ASTER_ASTER] [CLOSE] [200183560] OPEN 30 @ 2.00070
2025-09-27 13:22:40.280 - INFO - [ASTER_ASTER] [CLOSE] [200183560] FILLED 30 @ 2.00070
2025-09-27 13:22:41.395 - INFO - [ASTER_ASTER] [OPEN] [200193196] OPEN 30 @ 2.00110
2025-09-27 13:22:53.646 - INFO - [ASTER_ASTER] [OPEN] [200193196] Cancelling order and placing a new order
2025-09-27 13:22:53.847 - INFO - [ASTER_ASTER] [OPEN] [200193196] CANCELED 30 @ 2.00110
2025-09-27 13:23:13.525 - INFO - [ASTER_ASTER] Current Position: 210.00 | Active closing amount: 210 | Order quantity: 7
2025-09-27 13:24:13.843 - INFO - [ASTER_ASTER] Current Position: 210.00 | Active closing amount: 210 | Order quantity: 7
2025-09-27 13:24:19.741 - INFO - [ASTER_ASTER] [OPEN] [200254670] OPEN 30 @ 2.00150
2025-09-27 13:24:19.742 - INFO - [ASTER_ASTER] [OPEN] [200254670] EXPIRED 30 @ 2.00150
2025-09-27 13:24:20.232 - INFO - [ASTER_ASTER] [OPEN] [200254960] OPEN 30 @ 2.00130
2025-09-27 13:24:20.551 - INFO - [ASTER_ASTER] [OPEN] [200254960] FILLED 30 @ 2.00130
2025-09-27 13:24:21.118 - INFO - [ASTER_ASTER] [CLOSE] [200255714] OPEN 30 @ 2.00210
2025-09-27 13:24:21.446 - INFO - [ASTER_ASTER] [CLOSE] [200255714] FILLED 30 @ 2.00210
2025-09-27 13:24:59.578 - INFO - [ASTER_ASTER] [CLOSE] [200129743] FILLED 30 @ 2.00660
2025-09-27 13:25:01.302 - INFO - [ASTER_ASTER] [OPEN] [200279644] OPEN 30 @ 2.00480
2025-09-27 13:25:01.303 - INFO - [ASTER_ASTER] [OPEN] [200279644] EXPIRED 30 @ 2.00480
2025-09-27 13:25:01.847 - INFO - [ASTER_ASTER] [OPEN] [200279926] OPEN 30 @ 2.00440
2025-09-27 13:25:01.872 - INFO - [ASTER_ASTER] [OPEN] [200279926] FILLED 30 @ 2.00440
2025-09-27 13:25:02.472 - INFO - [ASTER_ASTER] [CLOSE] [200280202] OPEN 30 @ 2.00520
2025-09-27 13:25:14.221 - INFO - [ASTER_ASTER] Current Position: 210.00 | Active closing amount: 210 | Order quantity: 7
2025-09-27 13:25:14.403 - INFO - [ASTER_ASTER] [CLOSE] [200280202] FILLED 30 @ 2.00520
2025-09-27 13:25:15.767 - INFO - [ASTER_ASTER] [OPEN] [200290491] OPEN 30 @ 2.00570
2025-09-27 13:25:25.442 - INFO - [ASTER_ASTER] [OPEN] [200290491] FILLED 30 @ 2.00570
2025-09-27 13:25:25.848 - INFO - [ASTER_ASTER] [CLOSE] [200297836] OPEN 30 @ 2.00650
2025-09-27 13:25:30.962 - INFO - [ASTER_ASTER] [CLOSE] [200297836] FILLED 30 @ 2.00650
2025-09-27 13:25:32.008 - INFO - [ASTER_ASTER] [OPEN] [200303547] OPEN 30 @ 2.00750
2025-09-27 13:25:44.072 - INFO - [ASTER_ASTER] [OPEN] [200303547] Cancelling order and placing a new order
2025-09-27 13:25:44.202 - INFO - [ASTER_ASTER] [OPEN] [200303547] CANCELED 30 @ 2.00750
2025-09-27 13:25:44.950 - INFO - [ASTER_ASTER] [OPEN] [200311750] OPEN 30 @ 2.00820
2025-09-27 13:25:45.302 - INFO - [ASTER_ASTER] [OPEN] [200311750] FILLED 30 @ 2.00820
2025-09-27 13:25:45.905 - INFO - [ASTER_ASTER] [CLOSE] [200312311] OPEN 30 @ 2.00900
2025-09-27 13:26:00.667 - INFO - [ASTER_ASTER] [CLOSE] [200312311] FILLED 30 @ 2.00900
2025-09-27 13:26:15.660 - INFO - [ASTER_ASTER] Current Position: 180.00 | Active closing amount: 180 | Order quantity: 6
2025-09-27 13:26:16.006 - INFO - [ASTER_ASTER] [OPEN] [200326959] OPEN 30 @ 2.00780
2025-09-27 13:26:28.052 - INFO - [ASTER_ASTER] [OPEN] [200326959] Cancelling order and placing a new order
2025-09-27 13:26:28.182 - INFO - [ASTER_ASTER] [OPEN] [200326959] CANCELED 30 @ 2.00780
2025-09-27 13:27:04.844 - INFO - [ASTER_ASTER] [CLOSE] [200085374] FILLED 30 @ 2.01360
2025-09-27 13:27:16.544 - INFO - [ASTER_ASTER] Current Position: 150.00 | Active closing amount: 150 | Order quantity: 5
2025-09-27 13:27:46.541 - INFO - [ASTER_ASTER] [OPEN] [200372854] OPEN 30 @ 2.00940
2025-09-27 13:27:47.217 - INFO - [ASTER_ASTER] [OPEN] [200372854] FILLED 30 @ 2.00940
2025-09-27 13:27:47.957 - INFO - [ASTER_ASTER] [CLOSE] [200373541] OPEN 30 @ 2.01040
2025-09-27 13:27:48.189 - INFO - [ASTER_ASTER] [CLOSE] [200373541] FILLED 30 @ 2.01040
2025-09-27 13:27:48.727 - INFO - [ASTER_ASTER] [OPEN] [200373814] OPEN 30 @ 2.01020
2025-09-27 13:27:49.686 - INFO - [ASTER_ASTER] [OPEN] [200373814] PARTIALLY_FILLED 2.28 @ 2.01020
2025-09-27 13:27:49.771 - INFO - [ASTER_ASTER] [OPEN] [200373814] PARTIALLY_FILLED 10.61 @ 2.01020
2025-09-27 13:27:50.115 - INFO - [ASTER_ASTER] [OPEN] [200373814] FILLED 30 @ 2.01020
2025-09-27 13:27:50.497 - INFO - [ASTER_ASTER] [CLOSE] [200374442] OPEN 30 @ 2.01100
2025-09-27 13:27:54.995 - INFO - [ASTER_ASTER] [CLOSE] [200374442] FILLED 30 @ 2.01100
2025-09-27 13:27:56.472 - INFO - [ASTER_ASTER] [OPEN] [200376174] OPEN 30 @ 2.01090
2025-09-27 13:27:58.019 - INFO - [ASTER_ASTER] [OPEN] [200376174] PARTIALLY_FILLED 12 @ 2.01090
2025-09-27 13:27:59.125 - INFO - [ASTER_ASTER] [OPEN] [200376174] FILLED 30 @ 2.01090
2025-09-27 13:27:59.470 - INFO - [ASTER_ASTER] [CLOSE] [200377349] OPEN 30 @ 2.01170
2025-09-27 13:28:17.789 - INFO - [ASTER_ASTER] Current Position: 180.00 | Active closing amount: 180 | Order quantity: 6
2025-09-27 13:28:33.114 - INFO - [ASTER_ASTER] [CLOSE] [200377349] FILLED 30 @ 2.01170
2025-09-27 13:28:34.581 - INFO - [ASTER_ASTER] [OPEN] [200392530] OPEN 30 @ 2.01140
2025-09-27 13:28:34.581 - INFO - [ASTER_ASTER] [OPEN] [200392530] EXPIRED 30 @ 2.01140
2025-09-27 13:28:35.028 - INFO - [ASTER_ASTER] [OPEN] [200392605] OPEN 30 @ 2.01100
2025-09-27 13:28:47.031 - INFO - [ASTER_ASTER] [OPEN] [200392605] Cancelling order and placing a new order
2025-09-27 13:28:47.161 - INFO - [ASTER_ASTER] [OPEN] [200392605] CANCELED 30 @ 2.01100
2025-09-27 13:28:47.726 - INFO - [ASTER_ASTER] [OPEN] [200398392] OPEN 30 @ 2.01210
2025-09-27 13:28:51.942 - INFO - [ASTER_ASTER] [OPEN] [200398392] FILLED 30 @ 2.01210
2025-09-27 13:28:52.385 - INFO - [ASTER_ASTER] [CLOSE] [200400425] OPEN 30 @ 2.01290
2025-09-27 13:28:53.331 - INFO - [ASTER_ASTER] [CLOSE] [200400425] FILLED 30 @ 2.01290
2025-09-27 13:29:13.276 - INFO - [ASTER_ASTER] [CLOSE] [200054766] FILLED 30 @ 2.01770
2025-09-27 13:29:14.586 - INFO - [ASTER_ASTER] [OPEN] [200414181] OPEN 30 @ 2.01670
2025-09-27 13:29:26.704 - INFO - [ASTER_ASTER] [OPEN] [200414181] Cancelling order and placing a new order
2025-09-27 13:29:26.889 - INFO - [ASTER_ASTER] [OPEN] [200414181] CANCELED 30 @ 2.01670
2025-09-27 13:29:27.256 - INFO - [ASTER_ASTER] Current Position: 120.00 | Active closing amount: 120 | Order quantity: 4
2025-09-27 13:29:27.648 - INFO - [ASTER_ASTER] [OPEN] [200419974] OPEN 30 @ 2.01780
2025-09-27 13:29:28.569 - INFO - [ASTER_ASTER] [OPEN] [200419974] FILLED 30 @ 2.01780
2025-09-27 13:29:28.994 - INFO - [ASTER_ASTER] [CLOSE] [200420389] OPEN 30 @ 2.01860
2025-09-27 13:29:37.288 - INFO - [ASTER_ASTER] [CLOSE] [200420389] FILLED 30 @ 2.01860
2025-09-27 13:29:38.516 - INFO - [ASTER_ASTER] [OPEN] [200423691] OPEN 30 @ 2.01840
2025-09-27 13:29:38.639 - INFO - [ASTER_ASTER] [OPEN] [200423691] FILLED 30 @ 2.01840
2025-09-27 13:29:39.160 - INFO - [ASTER_ASTER] [CLOSE] [200423955] OPEN 30 @ 2.01920
2025-09-27 13:30:10.057 - INFO - [ASTER_ASTER] [OPEN] [200441045] OPEN 30 @ 2.01070
2025-09-27 13:30:10.271 - INFO - [ASTER_ASTER] [OPEN] [200441045] FILLED 30 @ 2.01070
2025-09-27 13:30:10.617 - INFO - [ASTER_ASTER] [CLOSE] [200441177] OPEN 30 @ 2.01150
2025-09-27 13:30:27.716 - INFO - [ASTER_ASTER] Current Position: 180.00 | Active closing amount: 180 | Order quantity: 6
2025-09-27 13:30:40.800 - INFO - [ASTER_ASTER] [OPEN] [200459036] OPEN 30 @ 2.00030
2025-09-27 13:30:42.460 - INFO - [ASTER_ASTER] [OPEN] [200459036] PARTIALLY_FILLED 13.17 @ 2.00030
2025-09-27 13:30:42.743 - INFO - [ASTER_ASTER] [OPEN] [200459036] FILLED 30 @ 2.00030
2025-09-27 13:30:43.114 - INFO - [ASTER_ASTER] [CLOSE] [200460300] OPEN 30 @ 2.00110
2025-09-27 13:30:47.502 - INFO - [ASTER_ASTER] [CLOSE] [200460300] FILLED 30 @ 2.00110
2025-09-27 13:30:48.086 - INFO - [ASTER_ASTER] [OPEN] [200463945] OPEN 30 @ 2.00080
2025-09-27 13:30:48.159 - INFO - [ASTER_ASTER] [OPEN] [200463945] FILLED 30 @ 2.00080
2025-09-27 13:30:48.599 - INFO - [ASTER_ASTER] [CLOSE] [200464392] OPEN 30 @ 2.00160
2025-09-27 13:31:28.543 - INFO - [ASTER_ASTER] Current Position: 210.00 | Active closing amount: 210 | Order quantity: 7
2025-09-27 13:31:49.717 - INFO - [ASTER_ASTER] [OPEN] [200517342] OPEN 30 @ 1.98790
2025-09-27 13:31:49.717 - INFO - [ASTER_ASTER] [OPEN] [200517342] EXPIRED 30 @ 1.98790
2025-09-27 13:31:50.228 - INFO - [ASTER_ASTER] [OPEN] [200517665] OPEN 30 @ 1.98830
2025-09-27 13:31:51.412 - INFO - [ASTER_ASTER] [OPEN] [200517665] FILLED 30 @ 1.98830
2025-09-27 13:31:51.947 - INFO - [ASTER_ASTER] [CLOSE] [200518339] OPEN 30 @ 1.98910
2025-09-27 13:31:57.247 - INFO - [ASTER_ASTER] [CLOSE] [200518339] FILLED 30 @ 1.98910
2025-09-27 13:31:58.295 - INFO - [ASTER_ASTER] [OPEN] [200520164] OPEN 30 @ 1.98830
2025-09-27 13:31:58.542 - INFO - [ASTER_ASTER] [OPEN] [200520164] PARTIALLY_FILLED 15.18 @ 1.98830
2025-09-27 13:32:08.236 - INFO - [ASTER_ASTER] [OPEN] [200520164] FILLED 30 @ 1.98830
2025-09-27 13:32:08.570 - INFO - [ASTER_ASTER] [CLOSE] [200524627] OPEN 30 @ 1.98910
2025-09-27 13:32:09.049 - INFO - [ASTER_ASTER] [CLOSE] [200524627] FILLED 30 @ 1.98910
2025-09-27 13:32:09.568 - INFO - [ASTER_ASTER] [OPEN] [200525159] OPEN 30 @ 1.98950
2025-09-27 13:32:21.734 - INFO - [ASTER_ASTER] [OPEN] [200525159] Cancelling order and placing a new order
2025-09-27 13:32:21.885 - INFO - [ASTER_ASTER] [OPEN] [200525159] CANCELED 30 @ 1.98950
2025-09-27 13:32:22.433 - INFO - [ASTER_ASTER] [OPEN] [200532259] OPEN 30 @ 1.99420
2025-09-27 13:32:22.462 - INFO - [ASTER_ASTER] [OPEN] [200532259] FILLED 30 @ 1.99420
2025-09-27 13:32:23.058 - INFO - [ASTER_ASTER] [CLOSE] [200532622] OPEN 30 @ 1.99500
2025-09-27 13:32:28.825 - INFO - [ASTER_ASTER] Current Position: 240.00 | Active closing amount: 240 | Order quantity: 8
2025-09-27 13:32:36.388 - INFO - [ASTER_ASTER] [CLOSE] [200532622] FILLED 30 @ 1.99500
2025-09-27 13:32:37.415 - INFO - [ASTER_ASTER] [OPEN] [200538283] OPEN 30 @ 1.99560
2025-09-27 13:32:37.415 - INFO - [ASTER_ASTER] [OPEN] [200538283] FILLED 30 @ 1.99560
2025-09-27 13:32:37.976 - INFO - [ASTER_ASTER] [CLOSE] [200538520] OPEN 30 @ 1.99640
2025-09-27 13:33:00.766 - INFO - [ASTER_ASTER] [CLOSE] [200538520] FILLED 30 @ 1.99640
2025-09-27 13:33:29.502 - INFO - [ASTER_ASTER] Current Position: 210.00 | Active closing amount: 210 | Order quantity: 7
2025-09-27 13:34:05.434 - INFO - [ASTER_ASTER] [OPEN] [200573837] OPEN 30 @ 1.99680
2025-09-27 13:34:05.741 - INFO - [ASTER_ASTER] [OPEN] [200573837] FILLED 30 @ 1.99680
2025-09-27 13:34:06.282 - INFO - [ASTER_ASTER] [CLOSE] [200574314] OPEN 30 @ 1.99760
2025-09-27 13:34:09.078 - INFO - [ASTER_ASTER] [CLOSE] [200574314] FILLED 30 @ 1.99760
2025-09-27 13:34:30.686 - INFO - [ASTER_ASTER] Current Position: 210.00 | Active closing amount: 210 | Order quantity: 7
2025-09-27 13:34:50.247 - INFO - [ASTER_ASTER] [CLOSE] [200464392] FILLED 30 @ 2.00160
2025-09-27 13:34:51.764 - INFO - [ASTER_ASTER] [OPEN] [200593434] OPEN 30 @ 2.00290
2025-09-27 13:34:53.913 - INFO - [ASTER_ASTER] [OPEN] [200593434] FILLED 30 @ 2.00290
2025-09-27 13:34:54.268 - INFO - [ASTER_ASTER] [CLOSE] [200594864] OPEN 30 @ 2.00370
2025-09-27 13:34:56.286 - INFO - [ASTER_ASTER] [CLOSE] [200594864] FILLED 30 @ 2.00370
2025-09-27 13:34:56.802 - INFO - [ASTER_ASTER] [OPEN] [200596158] OPEN 30 @ 2.00380
2025-09-27 13:34:56.943 - INFO - [ASTER_ASTER] [OPEN] [200596158] FILLED 30 @ 2.00380
2025-09-27 13:34:57.361 - INFO - [ASTER_ASTER] [CLOSE] [200596293] OPEN 30 @ 2.00460
2025-09-27 13:35:04.987 - INFO - [ASTER_ASTER] [CLOSE] [200596293] FILLED 30 @ 2.00460
2025-09-27 13:35:05.701 - INFO - [ASTER_ASTER] [OPEN] [200600242] OPEN 30 @ 2.00460
2025-09-27 13:35:06.325 - INFO - [ASTER_ASTER] [OPEN] [200600242] FILLED 30 @ 2.00460
2025-09-27 13:35:06.788 - INFO - [ASTER_ASTER] [CLOSE] [200600657] OPEN 30 @ 2.00540
2025-09-27 13:35:12.719 - INFO - [ASTER_ASTER] [CLOSE] [200600657] PARTIALLY_FILLED 16.70 @ 2.00540
2025-09-27 13:35:12.719 - INFO - [ASTER_ASTER] [CLOSE] [200600657] FILLED 30 @ 2.00540
2025-09-27 13:35:13.813 - INFO - [ASTER_ASTER] [OPEN] [200603429] OPEN 30 @ 2.00540
2025-09-27 13:35:25.894 - INFO - [ASTER_ASTER] [OPEN] [200603429] Cancelling order and placing a new order
2025-09-27 13:35:26.017 - INFO - [ASTER_ASTER] [OPEN] [200603429] CANCELED 30 @ 2.00540
2025-09-27 13:35:28.283 - INFO - [ASTER_ASTER] [CLOSE] [200441177] FILLED 30 @ 2.01150
2025-09-27 13:35:29.113 - INFO - [ASTER_ASTER] [OPEN] [200611659] OPEN 30 @ 2.01120
2025-09-27 13:35:29.113 - INFO - [ASTER_ASTER] [OPEN] [200611659] EXPIRED 30 @ 2.01120
2025-09-27 13:35:29.896 - INFO - [ASTER_ASTER] [OPEN] [200611856] OPEN 30 @ 2.01080
2025-09-27 13:35:29.896 - INFO - [ASTER_ASTER] [OPEN] [200611856] EXPIRED 30 @ 2.01080
2025-09-27 13:35:30.614 - INFO - [ASTER_ASTER] [OPEN] [200612248] OPEN 30 @ 2.01050
2025-09-27 13:35:30.770 - INFO - [ASTER_ASTER] [OPEN] [200612248] FILLED 30 @ 2.01050
2025-09-27 13:35:31.218 - INFO - [ASTER_ASTER] [CLOSE] [200612595] OPEN 30 @ 2.01130
2025-09-27 13:35:33.691 - INFO - [ASTER_ASTER] Current Position: 180.00 | Active closing amount: 180 | Order quantity: 6
2025-09-27 13:36:02.207 - INFO - [ASTER_ASTER] [OPEN] [200625159] OPEN 30 @ 2.00630
2025-09-27 13:36:02.369 - INFO - [ASTER_ASTER] [OPEN] [200625159] FILLED 30 @ 2.00630
2025-09-27 13:36:02.816 - INFO - [ASTER_ASTER] [CLOSE] [200625399] OPEN 30 @ 2.00710
2025-09-27 13:36:34.125 - INFO - [ASTER_ASTER] Current Position: 210.00 | Active closing amount: 210 | Order quantity: 7
2025-09-27 13:37:03.909 - INFO - [ASTER_ASTER] [OPEN] [200651704] OPEN 30 @ 2
2025-09-27 13:37:15.941 - INFO - [ASTER_ASTER] [OPEN] [200651704] Cancelling order and placing a new order
2025-09-27 13:37:16.067 - INFO - [ASTER_ASTER] [OPEN] [200651704] CANCELED 30 @ 2
2025-09-27 13:37:35.505 - INFO - [ASTER_ASTER] Current Position: 210.00 | Active closing amount: 210 | Order quantity: 7
2025-09-27 13:37:40.941 - INFO - [ASTER_ASTER] [OPEN] [200671046] OPEN 30 @ 2.00210
2025-09-27 13:37:41.317 - INFO - [ASTER_ASTER] [OPEN] [200671046] FILLED 30 @ 2.00210
2025-09-27 13:37:41.778 - INFO - [ASTER_ASTER] [CLOSE] [200671392] OPEN 30 @ 2.00290
2025-09-27 13:38:26.066 - INFO - [ASTER_ASTER] [CLOSE] [200671392] FILLED 30 @ 2.00290
2025-09-27 13:38:36.144 - INFO - [ASTER_ASTER] Current Position: 210.00 | Active closing amount: 210 | Order quantity: 7
2025-09-27 13:38:42.034 - INFO - [ASTER_ASTER] [OPEN] [200699732] OPEN 30 @ 2.00150
2025-09-27 13:38:49.207 - INFO - [ASTER_ASTER] [OPEN] [200699732] FILLED 30 @ 2.00150
2025-09-27 13:38:49.707 - INFO - [ASTER_ASTER] [CLOSE] [200703872] OPEN 30 @ 2.00230
2025-09-27 13:39:15.574 - INFO - [ASTER_ASTER] [CLOSE] [200703872] FILLED 30 @ 2.00230
2025-09-27 13:39:16.084 - INFO - [ASTER_ASTER] [OPEN] [200714669] OPEN 30 @ 2.00220
2025-09-27 13:39:16.974 - INFO - [ASTER_ASTER] [OPEN] [200714669] FILLED 30 @ 2.00220
2025-09-27 13:39:17.436 - INFO - [ASTER_ASTER] [CLOSE] [200715482] OPEN 30 @ 2.00300
2025-09-27 13:39:21.050 - INFO - [ASTER_ASTER] [CLOSE] [200715482] FILLED 30 @ 2.00300
2025-09-27 13:39:36.957 - INFO - [ASTER_ASTER] Current Position: 210.00 | Active closing amount: 210 | Order quantity: 7
2025-09-27 13:40:18.050 - INFO - [ASTER_ASTER] [OPEN] [200753048] OPEN 30 @ 1.99860
2025-09-27 13:40:18.513 - INFO - [ASTER_ASTER] [OPEN] [200753048] PARTIALLY_FILLED 3 @ 1.99860
2025-09-27 13:40:19.252 - INFO - [ASTER_ASTER] [OPEN] [200753048] FILLED 30 @ 1.99860
2025-09-27 13:40:19.597 - INFO - [ASTER_ASTER] [CLOSE] [200754010] OPEN 30 @ 1.99940
2025-09-27 13:40:21.832 - INFO - [ASTER_ASTER] [CLOSE] [200754010] FILLED 30 @ 1.99940
2025-09-27 13:40:23.270 - INFO - [ASTER_ASTER] [OPEN] [200756453] OPEN 30 @ 2.00040
2025-09-27 13:40:35.298 - INFO - [ASTER_ASTER] [OPEN] [200756453] Cancelling order and placing a new order
2025-09-27 13:40:35.394 - INFO - [ASTER_ASTER] [OPEN] [200756453] CANCELED 30 @ 2.00040
2025-09-27 13:40:36.103 - INFO - [ASTER_ASTER] [OPEN] [200763170] OPEN 30 @ 2.00160
2025-09-27 13:40:36.103 - INFO - [ASTER_ASTER] [OPEN] [200763170] EXPIRED 30 @ 2.00160
2025-09-27 13:40:36.585 - INFO - [ASTER_ASTER] [OPEN] [200763284] OPEN 30 @ 2.00160
2025-09-27 13:40:36.692 - INFO - [ASTER_ASTER] [OPEN] [200763284] FILLED 30 @ 2.00160
2025-09-27 13:40:37.223 - INFO - [ASTER_ASTER] [CLOSE] [200763631] OPEN 30 @ 2.00240
2025-09-27 13:40:39.677 - INFO - [ASTER_ASTER] Current Position: 240.00 | Active closing amount: 240 | Order quantity: 8
2025-09-27 13:41:21.348 - INFO - [ASTER_ASTER] [CLOSE] [200763631] FILLED 30 @ 2.00240
2025-09-27 13:41:21.816 - INFO - [ASTER_ASTER] [OPEN] [200787631] OPEN 30 @ 2.00200
2025-09-27 13:41:21.972 - INFO - [ASTER_ASTER] [OPEN] [200787631] FILLED 30 @ 2.00200
2025-09-27 13:41:22.421 - INFO - [ASTER_ASTER] [CLOSE] [200787764] OPEN 30 @ 2.00280
2025-09-27 13:41:25.270 - INFO - [ASTER_ASTER] [CLOSE] [200787764] FILLED 30 @ 2.00280
2025-09-27 13:41:40.989 - INFO - [ASTER_ASTER] Current Position: 210.00 | Active closing amount: 210 | Order quantity: 7
2025-09-27 13:42:42.162 - INFO - [ASTER_ASTER] Current Position: 210.00 | Active closing amount: 210 | Order quantity: 7
2025-09-27 13:43:15.941 - INFO - [ASTER_ASTER] [CLOSE] [200625399] FILLED 30 @ 2.00710
2025-09-27 13:43:20.491 - INFO - [ASTER_ASTER] [OPEN] [200842970] OPEN 30 @ 2.00620
2025-09-27 13:43:21.272 - INFO - [ASTER_ASTER] [OPEN] [200842970] FILLED 30 @ 2.00620
2025-09-27 13:43:21.769 - INFO - [ASTER_ASTER] [CLOSE] [200843441] OPEN 30 @ 2.00700
2025-09-27 13:43:43.410 - INFO - [ASTER_ASTER] Current Position: 210.00 | Active closing amount: 210 | Order quantity: 7
2025-09-27 13:44:39.848 - INFO - [ASTER_ASTER] [CLOSE] [200843441] FILLED 30 @ 2.00700
2025-09-27 13:44:44.723 - INFO - [ASTER_ASTER] Current Position: 180.00 | Active closing amount: 180 | Order quantity: 6
2025-09-27 13:45:01.240 - INFO - [ASTER_ASTER] [OPEN] [200883859] OPEN 30 @ 2.00580
2025-09-27 13:45:01.535 - INFO - [ASTER_ASTER] [OPEN] [200883859] FILLED 30 @ 2.00580
2025-09-27 13:45:02.098 - INFO - [ASTER_ASTER] [CLOSE] [200884372] OPEN 30 @ 2.00660
2025-09-27 13:45:23.615 - INFO - [ASTER_ASTER] [CLOSE] [200884372] FILLED 30 @ 2.00660
2025-09-27 13:45:34.629 - INFO - [ASTER_ASTER] [CLOSE] [200612595] FILLED 30 @ 2.01130
2025-09-27 13:45:36.003 - INFO - [ASTER_ASTER] [OPEN] [200902736] OPEN 30 @ 2.01240
2025-09-27 13:45:36.003 - INFO - [ASTER_ASTER] [OPEN] [200902736] EXPIRED 30 @ 2.01240
2025-09-27 13:45:36.457 - INFO - [ASTER_ASTER] [OPEN] [200903044] OPEN 30 @ 2.01260
2025-09-27 13:45:48.582 - INFO - [ASTER_ASTER] [OPEN] [200903044] Cancelling order and placing a new order
2025-09-27 13:45:48.708 - INFO - [ASTER_ASTER] [OPEN] [200903044] CANCELED 30 @ 2.01260
2025-09-27 13:45:49.047 - INFO - [ASTER_ASTER] Current Position: 150.00 | Active closing amount: 150 | Order quantity: 5
2025-09-27 13:45:59.645 - INFO - [ASTER_ASTER] [OPEN] [200916848] OPEN 30 @ 2.01310
2025-09-27 13:45:59.645 - INFO - [ASTER_ASTER] [OPEN] [200916848] EXPIRED 30 @ 2.01310
2025-09-27 13:46:00.144 - INFO - [ASTER_ASTER] [OPEN] [200917145] OPEN 30 @ 2.01270
2025-09-27 13:46:00.802 - INFO - [ASTER_ASTER] [OPEN] [200917145] FILLED 30 @ 2.01270
2025-09-27 13:46:01.192 - INFO - [ASTER_ASTER] [CLOSE] [200917629] OPEN 30 @ 2.01350
2025-09-27 13:46:07.646 - INFO - [ASTER_ASTER] [CLOSE] [200917629] FILLED 30 @ 2.01350
2025-09-27 13:46:39.582 - INFO - [ASTER_ASTER] [CLOSE] [200423955] FILLED 30 @ 2.01920
2025-09-27 13:46:40.112 - INFO - [ASTER_ASTER] [OPEN] [200938961] OPEN 30 @ 2.01910
2025-09-27 13:46:40.379 - INFO - [ASTER_ASTER] [OPEN] [200938961] FILLED 30 @ 2.01910
2025-09-27 13:46:40.801 - INFO - [ASTER_ASTER] [CLOSE] [200939228] OPEN 30 @ 2.01990
2025-09-27 13:46:49.300 - INFO - [ASTER_ASTER] [CLOSE] [200939228] FILLED 30 @ 2.01990
2025-09-27 13:46:50.213 - INFO - [ASTER_ASTER] Current Position: 120.00 | Active closing amount: 120 | Order quantity: 4
2025-09-27 13:47:11.327 - INFO - [ASTER_ASTER] [OPEN] [200952256] OPEN 30 @ 2.01730
2025-09-27 13:47:11.848 - INFO - [ASTER_ASTER] [OPEN] [200952256] PARTIALLY_FILLED 20.46 @ 2.01730
2025-09-27 13:47:13.270 - INFO - [ASTER_ASTER] [OPEN] [200952256] FILLED 30 @ 2.01730
2025-09-27 13:47:13.753 - INFO - [ASTER_ASTER] [CLOSE] [200953329] OPEN 30 @ 2.01810
2025-09-27 13:47:43.754 - INFO - [ASTER_ASTER] [OPEN] [200970660] OPEN 30 @ 2.01140
2025-09-27 13:47:44.409 - INFO - [ASTER_ASTER] [OPEN] [200970660] FILLED 30 @ 2.01140
2025-09-27 13:47:44.919 - INFO - [ASTER_ASTER] [CLOSE] [200971244] OPEN 30 @ 2.01220
2025-09-27 13:47:50.956 - INFO - [ASTER_ASTER] Current Position: 180.00 | Active closing amount: 180 | Order quantity: 6
2025-09-27 13:47:54.209 - INFO - [ASTER_ASTER] [CLOSE] [200971244] FILLED 30 @ 2.01220
2025-09-27 13:47:54.816 - INFO - [ASTER_ASTER] [OPEN] [200975012] OPEN 30 @ 2.01190
2025-09-27 13:47:55.224 - INFO - [ASTER_ASTER] [OPEN] [200975012] FILLED 30 @ 2.01190
2025-09-27 13:47:55.691 - INFO - [ASTER_ASTER] [CLOSE] [200975258] OPEN 30 @ 2.01270
2025-09-27 13:48:51.536 - INFO - [ASTER_ASTER] Current Position: 180.00 | Active closing amount: 180 | Order quantity: 6
2025-09-27 13:49:22.051 - INFO - [ASTER_ASTER] [OPEN] [201010014] OPEN 30 @ 2.00510
2025-09-27 13:49:22.051 - INFO - [ASTER_ASTER] [OPEN] [201010014] EXPIRED 30 @ 2.00510
2025-09-27 13:49:22.816 - INFO - [ASTER_ASTER] [OPEN] [201010428] OPEN 30 @ 2.00470
2025-09-27 13:49:22.816 - INFO - [ASTER_ASTER] [OPEN] [201010428] EXPIRED 30 @ 2.00470
2025-09-27 13:49:23.536 - INFO - [ASTER_ASTER] [OPEN] [201010866] OPEN 30 @ 2.00390
2025-09-27 13:49:23.536 - INFO - [ASTER_ASTER] [OPEN] [201010866] EXPIRED 30 @ 2.00390
2025-09-27 13:49:24.270 - INFO - [ASTER_ASTER] [OPEN] [201011246] OPEN 30 @ 2.00360
2025-09-27 13:49:24.270 - INFO - [ASTER_ASTER] [OPEN] [201011246] EXPIRED 30 @ 2.00360
2025-09-27 13:49:24.472 - INFO - [ASTER_ASTER] [OPEN] Attempt 5 to place order
2025-09-27 13:49:24.864 - INFO - [ASTER_ASTER] [OPEN] [201011619] OPEN 30 @ 2.00370
2025-09-27 13:49:25.199 - INFO - [ASTER_ASTER] [OPEN] [201011619] FILLED 30 @ 2.00370
2025-09-27 13:49:25.686 - INFO - [ASTER_ASTER] [CLOSE] [201012230] OPEN 30 @ 2.00450
2025-09-27 13:49:52.051 - INFO - [ASTER_ASTER] Current Position: 210.00 | Active closing amount: 210 | Order quantity: 7
2025-09-27 13:50:26.207 - INFO - [ASTER_ASTER] [OPEN] [201055400] OPEN 30 @ 1.99570
2025-09-27 13:50:26.702 - INFO - [ASTER_ASTER] [OPEN] [201055400] FILLED 30 @ 1.99570
2025-09-27 13:50:27.353 - INFO - [ASTER_ASTER] [CLOSE] [201055610] OPEN 30 @ 1.99650
2025-09-27 13:50:28.333 - INFO - [ASTER_ASTER] [CLOSE] [201055610] FILLED 30 @ 1.99650
2025-09-27 13:50:28.848 - INFO - [ASTER_ASTER] [OPEN] [201056599] OPEN 30 @ 1.99660
2025-09-27 13:50:41.083 - INFO - [ASTER_ASTER] [OPEN] [201056599] Cancelling order and placing a new order
2025-09-27 13:50:41.192 - INFO - [ASTER_ASTER] [OPEN] [201056599] CANCELED 30 @ 1.99660
2025-09-27 13:50:41.739 - INFO - [ASTER_ASTER] [OPEN] [201061542] OPEN 30 @ 1.99810
2025-09-27 13:50:41.832 - INFO - [ASTER_ASTER] [OPEN] [201061542] PARTIALLY_FILLED 24.53 @ 1.99810
2025-09-27 13:50:42.176 - INFO - [ASTER_ASTER] [OPEN] [201061542] FILLED 30 @ 1.99810
2025-09-27 13:50:42.582 - INFO - [ASTER_ASTER] [CLOSE] [201061946] OPEN 30 @ 1.99890
2025-09-27 13:50:43.901 - INFO - [ASTER_ASTER] [CLOSE] [201061946] FILLED 30 @ 1.99890
2025-09-27 13:50:44.738 - INFO - [ASTER_ASTER] [OPEN] [201063116] OPEN 30 @ 1.99870
2025-09-27 13:50:44.738 - INFO - [ASTER_ASTER] [OPEN] [201063116] EXPIRED 30 @ 1.99870
2025-09-27 13:50:45.209 - INFO - [ASTER_ASTER] [OPEN] [201063357] OPEN 30 @ 1.99830
2025-09-27 13:50:46.066 - INFO - [ASTER_ASTER] [OPEN] [201063357] FILLED 30 @ 1.99830
2025-09-27 13:50:46.571 - INFO - [ASTER_ASTER] [CLOSE] [201064135] OPEN 30 @ 1.99910
2025-09-27 13:50:52.488 - INFO - [ASTER_ASTER] Current Position: 240.00 | Active closing amount: 240 | Order quantity: 8
2025-09-27 13:51:01.364 - INFO - [ASTER_ASTER] [CLOSE] [201064135] FILLED 30 @ 1.99910
2025-09-27 13:51:02.035 - INFO - [ASTER_ASTER] [OPEN] [201072048] OPEN 30 @ 1.99960
2025-09-27 13:51:03.051 - INFO - [ASTER_ASTER] [OPEN] [201072048] FILLED 30 @ 1.99960
2025-09-27 13:51:03.521 - INFO - [ASTER_ASTER] [CLOSE] [201072777] OPEN 30 @ 2.00040
2025-09-27 13:51:48.317 - INFO - [ASTER_ASTER] [CLOSE] [201072777] FILLED 30 @ 2.00040
2025-09-27 13:51:53.551 - INFO - [ASTER_ASTER] Current Position: 210.00 | Active closing amount: 210 | Order quantity: 7
2025-09-27 13:52:06.535 - INFO - [ASTER_ASTER] [OPEN] [201099015] OPEN 30 @ 1.99920
2025-09-27 13:52:08.987 - INFO - [ASTER_ASTER] [OPEN] [201099015] FILLED 30 @ 1.99920
2025-09-27 13:52:09.364 - INFO - [ASTER_ASTER] [CLOSE] [201099916] OPEN 30 @ 2
2025-09-27 13:52:13.574 - INFO - [ASTER_ASTER] [CLOSE] [201099916] FILLED 30 @ 2
2025-09-27 13:52:31.660 - INFO - [ASTER_ASTER] [CLOSE] [201012230] PARTIALLY_FILLED 20.76 @ 2.00450
2025-09-27 13:52:31.676 - INFO - [ASTER_ASTER] [CLOSE] [201012230] FILLED 30 @ 2.00450
2025-09-27 13:52:32.618 - INFO - [ASTER_ASTER] [OPEN] [201110285] OPEN 30 @ 2.00620
2025-09-27 13:52:32.618 - INFO - [ASTER_ASTER] [OPEN] [201110285] EXPIRED 30 @ 2.00620
2025-09-27 13:52:33.129 - INFO - [ASTER_ASTER] [OPEN] [201110752] OPEN 30 @ 2.00660
2025-09-27 13:52:33.176 - INFO - [ASTER_ASTER] [OPEN] [201110752] FILLED 30 @ 2.00660
2025-09-27 13:52:33.693 - INFO - [ASTER_ASTER] [CLOSE] [201111009] OPEN 30 @ 2.00740
2025-09-27 13:52:54.144 - INFO - [ASTER_ASTER] Current Position: 210.00 | Active closing amount: 210 | Order quantity: 7
2025-09-27 13:53:46.690 - INFO - [ASTER_ASTER] [CLOSE] [201111009] FILLED 30 @ 2.00740
2025-09-27 13:53:48.083 - INFO - [ASTER_ASTER] [OPEN] [201152861] OPEN 30 @ 2.00760
2025-09-27 13:53:48.398 - INFO - [ASTER_ASTER] [OPEN] [201152861] FILLED 30 @ 2.00760
2025-09-27 13:53:48.943 - INFO - [ASTER_ASTER] [CLOSE] [201153369] OPEN 30 @ 2.00840
2025-09-27 13:53:54.648 - INFO - [ASTER_ASTER] Current Position: 210.00 | Active closing amount: 210 | Order quantity: 7
2025-09-27 13:54:53.008 - INFO - [ASTER_ASTER] [OPEN] [201185553] OPEN 30 @ 2.00170
2025-09-27 13:54:53.079 - INFO - [ASTER_ASTER] [OPEN] [201185553] FILLED 30 @ 2.00170
2025-09-27 13:54:53.645 - INFO - [ASTER_ASTER] [CLOSE] [201185802] OPEN 30 @ 2.00250
2025-09-27 13:54:56.124 - INFO - [ASTER_ASTER] Current Position: 240.00 | Active closing amount: 240 | Order quantity: 8
2025-09-27 13:55:56.692 - INFO - [ASTER_ASTER] Current Position: 240.00 | Active closing amount: 240 | Order quantity: 8
2025-09-27 13:56:36.441 - INFO - [ASTER_ASTER] [OPEN] [201244251] OPEN 30 @ 1.99760
2025-09-27 13:56:36.441 - INFO - [ASTER_ASTER] [OPEN] [201244251] EXPIRED 30 @ 1.99760
2025-09-27 13:56:36.848 - INFO - [ASTER_ASTER] [OPEN] [201244593] OPEN 30 @ 1.99750
2025-09-27 13:56:36.848 - INFO - [ASTER_ASTER] [OPEN] [201244593] EXPIRED 30 @ 1.99750
2025-09-27 13:56:37.319 - INFO - [ASTER_ASTER] [OPEN] [201245050] OPEN 30 @ 1.99750
2025-09-27 13:56:37.319 - INFO - [ASTER_ASTER] [OPEN] [201245050] EXPIRED 30 @ 1.99750
2025-09-27 13:56:37.769 - INFO - [ASTER_ASTER] [OPEN] [201245473] OPEN 30 @ 1.99690
2025-09-27 13:56:37.864 - INFO - [ASTER_ASTER] [OPEN] [201245473] PARTIALLY_FILLED 1.47 @ 1.99690
2025-09-27 13:56:37.880 - INFO - [ASTER_ASTER] [OPEN] [201245473] FILLED 30 @ 1.99690
2025-09-27 13:56:38.318 - INFO - [ASTER_ASTER] [CLOSE] [201245758] OPEN 30 @ 1.99770
2025-09-27 13:56:52.999 - INFO - [ASTER_ASTER] [CLOSE] [201245758] FILLED 30 @ 1.99770
2025-09-27 13:56:54.643 - INFO - [ASTER_ASTER] [OPEN] [201254624] OPEN 30 @ 1.99740
2025-09-27 13:56:54.643 - INFO - [ASTER_ASTER] [OPEN] [201254624] EXPIRED 30 @ 1.99740
2025-09-27 13:56:55.382 - INFO - [ASTER_ASTER] [OPEN] [201255160] OPEN 30 @ 1.99640
2025-09-27 13:56:55.382 - INFO - [ASTER_ASTER] [OPEN] [201255160] EXPIRED 30 @ 1.99640
2025-09-27 13:56:55.834 - INFO - [ASTER_ASTER] [OPEN] [201255359] OPEN 30 @ 1.99570
2025-09-27 13:56:56.192 - INFO - [ASTER_ASTER] [OPEN] [201255359] FILLED 30 @ 1.99570
2025-09-27 13:56:56.719 - INFO - [ASTER_ASTER] [CLOSE] [201255798] OPEN 30 @ 1.99650
2025-09-27 13:56:59.192 - INFO - [ASTER_ASTER] Current Position: 270.00 | Active closing amount: 270 | Order quantity: 9
2025-09-27 13:57:02.737 - INFO - [ASTER_ASTER] [CLOSE] [201255798] FILLED 30 @ 1.99650
2025-09-27 13:57:04.208 - INFO - [ASTER_ASTER] [OPEN] [201258262] OPEN 30 @ 1.99650
2025-09-27 13:57:05.237 - INFO - [ASTER_ASTER] [OPEN] [201258262] FILLED 30 @ 1.99650
2025-09-27 13:57:05.972 - INFO - [ASTER_ASTER] [CLOSE] [201259604] OPEN 30 @ 1.99730
2025-09-27 13:57:59.768 - INFO - [ASTER_ASTER] Current Position: 270.00 | Active closing amount: 270 | Order quantity: 9
2025-09-27 13:58:26.176 - INFO - [ASTER_ASTER] [OPEN] [201305254] OPEN 30 @ 1.99170
2025-09-27 13:58:28.660 - INFO - [ASTER_ASTER] [OPEN] [201305254] FILLED 30 @ 1.99170
2025-09-27 13:58:29.038 - INFO - [ASTER_ASTER] [CLOSE] [201306972] OPEN 30 @ 1.99250
2025-09-27 13:58:31.207 - INFO - [ASTER_ASTER] [CLOSE] [201306972] FILLED 30 @ 1.99250
2025-09-27 13:59:00.316 - INFO - [ASTER_ASTER] Current Position: 270.00 | Active closing amount: 270 | Order quantity: 9
2025-09-27 13:59:29.895 - INFO - [ASTER_ASTER] [OPEN] [201346121] OPEN 30 @ 1.98260
2025-09-27 13:59:29.958 - INFO - [ASTER_ASTER] [OPEN] [201346121] FILLED 30 @ 1.98260
2025-09-27 13:59:30.785 - INFO - [ASTER_ASTER] [CLOSE] [201346847] OPEN 30 @ 1.98340
2025-09-27 13:59:30.929 - INFO - [ASTER_ASTER] [CLOSE] [201346847] FILLED 30 @ 1.98340
2025-09-27 13:59:31.520 - INFO - [ASTER_ASTER] [OPEN] [201348086] OPEN 30 @ 1.98750
2025-09-27 13:59:31.707 - INFO - [ASTER_ASTER] [OPEN] [201348086] FILLED 30 @ 1.98750
2025-09-27 13:59:32.208 - INFO - [ASTER_ASTER] [CLOSE] [201348724] OPEN 30 @ 1.98830
2025-09-27 13:59:35.691 - INFO - [ASTER_ASTER] [CLOSE] [201348724] FILLED 30 @ 1.98830
2025-09-27 13:59:37.051 - INFO - [ASTER_ASTER] [OPEN] [201352244] OPEN 30 @ 1.98870
2025-09-27 13:59:37.113 - INFO - [ASTER_ASTER] [OPEN] [201352244] FILLED 30 @ 1.98870
2025-09-27 13:59:37.662 - INFO - [ASTER_ASTER] [CLOSE] [201352674] OPEN 30 @ 1.98950
2025-09-27 14:00:00.972 - INFO - [ASTER_ASTER] Current Position: 300.00 | Active closing amount: 300 | Order quantity: 10
2025-09-27 14:00:44.535 - INFO - [ASTER_ASTER] [CLOSE] [201352674] FILLED 30 @ 1.98950
2025-09-27 14:00:45.832 - INFO - [ASTER_ASTER] [OPEN] [201385698] OPEN 30 @ 1.98900
2025-09-27 14:00:45.888 - INFO - [ASTER_ASTER] [OPEN] [201385698] PARTIALLY_FILLED 7.04 @ 1.98900
2025-09-27 14:00:46.411 - INFO - [ASTER_ASTER] [OPEN] [201385698] FILLED 30 @ 1.98900
2025-09-27 14:00:46.768 - INFO - [ASTER_ASTER] [CLOSE] [201386194] OPEN 30 @ 1.98980
2025-09-27 14:00:53.785 - INFO - [ASTER_ASTER] [CLOSE] [201386194] FILLED 30 @ 1.98980
2025-09-27 14:00:55.065 - INFO - [ASTER_ASTER] [OPEN] [201389857] OPEN 30 @ 1.99020
2025-09-27 14:00:57.139 - INFO - [ASTER_ASTER] [OPEN] [201389857] FILLED 30 @ 1.99020
2025-09-27 14:00:57.684 - INFO - [ASTER_ASTER] [CLOSE] [201391475] OPEN 30 @ 1.99100
2025-09-27 14:01:01.347 - INFO - [ASTER_ASTER] Current Position: 300.00 | Active closing amount: 300 | Order quantity: 10
2025-09-27 14:01:02.550 - INFO - [ASTER_ASTER] [CLOSE] [201391475] FILLED 30 @ 1.99100
2025-09-27 14:01:03.864 - INFO - [ASTER_ASTER] [OPEN] [201394750] OPEN 30 @ 1.99100
2025-09-27 14:01:04.663 - INFO - [ASTER_ASTER] [OPEN] [201394750] PARTIALLY_FILLED 3 @ 1.99100
2025-09-27 14:01:04.805 - INFO - [ASTER_ASTER] [OPEN] [201394750] FILLED 30 @ 1.99100
2025-09-27 14:01:05.254 - INFO - [ASTER_ASTER] [CLOSE] [201395367] OPEN 30 @ 1.99180
2025-09-27 14:02:02.202 - INFO - [ASTER_ASTER] Current Position: 300.00 | Active closing amount: 300 | Order quantity: 10
2025-09-27 14:03:02.754 - INFO - [ASTER_ASTER] Current Position: 300.00 | Active closing amount: 300 | Order quantity: 10
2025-09-27 14:04:03.989 - INFO - [ASTER_ASTER] Current Position: 300.00 | Active closing amount: 300 | Order quantity: 10
2025-09-27 14:05:04.464 - INFO - [ASTER_ASTER] Current Position: 300.00 | Active closing amount: 300 | Order quantity: 10
2025-09-27 14:06:04.798 - INFO - [ASTER_ASTER] Current Position: 300.00 | Active closing amount: 300 | Order quantity: 10
2025-09-27 14:07:05.576 - INFO - [ASTER_ASTER] Current Position: 300.00 | Active closing amount: 300 | Order quantity: 10
2025-09-27 14:08:06.003 - INFO - [ASTER_ASTER] Current Position: 300.00 | Active closing amount: 300 | Order quantity: 10
2025-09-27 14:09:06.860 - INFO - [ASTER_ASTER] Current Position: 300.00 | Active closing amount: 300 | Order quantity: 10
2025-09-27 14:10:08.209 - INFO - [ASTER_ASTER] Current Position: 300.00 | Active closing amount: 300 | Order quantity: 10
2025-09-27 14:11:09.240 - INFO - [ASTER_ASTER] Current Position: 300.00 | Active closing amount: 300 | Order quantity: 10
2025-09-27 14:12:10.559 - INFO - [ASTER_ASTER] Current Position: 300.00 | Active closing amount: 300 | Order quantity: 10
2025-09-27 14:13:11.269 - INFO - [ASTER_ASTER] Current Position: 300.00 | Active closing amount: 300 | Order quantity: 10
2025-09-27 14:14:12.457 - INFO - [ASTER_ASTER] Current Position: 300.00 | Active closing amount: 300 | Order quantity: 10
2025-09-27 14:15:13.472 - INFO - [ASTER_ASTER] Current Position: 300.00 | Active closing amount: 300 | Order quantity: 10
2025-09-27 14:16:14.582 - INFO - [ASTER_ASTER] Current Position: 300.00 | Active closing amount: 300 | Order quantity: 10
2025-09-27 14:17:15.886 - INFO - [ASTER_ASTER] Current Position: 300.00 | Active closing amount: 300 | Order quantity: 10
2025-09-27 14:18:16.478 - INFO - [ASTER_ASTER] Current Position: 300.00 | Active closing amount: 300 | Order quantity: 10
2025-09-27 14:19:17.866 - INFO - [ASTER_ASTER] Current Position: 300.00 | Active closing amount: 300 | Order quantity: 10
2025-09-27 14:20:19.103 - INFO - [ASTER_ASTER] Current Position: 300.00 | Active closing amount: 300 | Order quantity: 10
2025-09-27 14:21:04.180 - INFO - [ASTER_ASTER] WebSocket disconnected
2025-09-27 14:21:07.027 - INFO - [ASTER_ASTER] === Trading Configuration ===
2025-09-27 14:21:07.027 - INFO - [ASTER_ASTER] Ticker: ASTER
2025-09-27 14:21:07.027 - INFO - [ASTER_ASTER] Contract ID: ASTERUSDT
2025-09-27 14:21:07.027 - INFO - [ASTER_ASTER] Quantity: 30
2025-09-27 14:21:07.027 - INFO - [ASTER_ASTER] Take Profit: 0.04%
2025-09-27 14:21:07.027 - INFO - [ASTER_ASTER] Direction: buy
2025-09-27 14:21:07.027 - INFO - [ASTER_ASTER] Max Orders: 20
2025-09-27 14:21:07.027 - INFO - [ASTER_ASTER] Wait Time: 30s
2025-09-27 14:21:07.027 - INFO - [ASTER_ASTER] Exchange: aster
2025-09-27 14:21:07.027 - INFO - [ASTER_ASTER] Grid Step: 0.2%
2025-09-27 14:21:07.027 - INFO - [ASTER_ASTER] Stop Price: -1
2025-09-27 14:21:07.027 - INFO - [ASTER_ASTER] Pause Price: -1
2025-09-27 14:21:07.027 - INFO - [ASTER_ASTER] Aster Boost: False
2025-09-27 14:21:07.031 - INFO - [ASTER_ASTER] =============================
2025-09-27 14:21:08.550 - INFO - [ASTER_ASTER] Connected to Aster WebSocket with listen key
2025-09-27 14:21:09.425 - INFO - [ASTER_ASTER] Current Position: 300.00 | Active closing amount: 300 | Order quantity: 10
2025-09-27 14:21:40.855 - INFO - [ASTER_ASTER] [OPEN] [201931948] OPEN 30 @ 1.97330
2025-09-27 14:21:41.258 - INFO - [ASTER_ASTER] [OPEN] [201931948] FILLED 30 @ 1.97330
2025-09-27 14:21:41.701 - INFO - [ASTER_ASTER] [CLOSE] [201932097] OPEN 30 @ 1.97410
2025-09-27 14:22:00.889 - INFO - [ASTER_ASTER] [CLOSE] [201932097] FILLED 30 @ 1.97410
2025-09-27 14:22:02.541 - INFO - [ASTER_ASTER] [OPEN] [201936920] OPEN 30 @ 1.97430
2025-09-27 14:22:03.244 - INFO - [ASTER_ASTER] [OPEN] [201936920] FILLED 30 @ 1.97430
2025-09-27 14:22:03.868 - INFO - [ASTER_ASTER] [CLOSE] [201937166] OPEN 30 @ 1.97510
2025-09-27 14:22:10.811 - INFO - [ASTER_ASTER] Current Position: 330.00 | Active closing amount: 330 | Order quantity: 11
2025-09-27 14:22:11.712 - INFO - [ASTER_ASTER] [CLOSE] [201937166] FILLED 30 @ 1.97510
2025-09-27 14:22:12.308 - INFO - [ASTER_ASTER] [OPEN] [201939158] OPEN 30 @ 1.97510
2025-09-27 14:22:13.253 - INFO - [ASTER_ASTER] [OPEN] [201939158] FILLED 30 @ 1.97510
2025-09-27 14:22:13.758 - INFO - [ASTER_ASTER] [CLOSE] [201939503] OPEN 30 @ 1.97590
2025-09-27 14:22:18.667 - INFO - [ASTER_ASTER] [CLOSE] [201939503] FILLED 30 @ 1.97590
2025-09-27 14:22:19.696 - INFO - [ASTER_ASTER] [OPEN] [201940599] OPEN 30 @ 1.97570
2025-09-27 14:22:19.911 - INFO - [ASTER_ASTER] [OPEN] [201940599] FILLED 30 @ 1.97570
2025-09-27 14:22:20.275 - INFO - [ASTER_ASTER] [CLOSE] [201940742] OPEN 30 @ 1.97650
2025-09-27 14:23:09.949 - INFO - [ASTER_ASTER] [OPEN] [201951235] OPEN 506.17 @ 0
2025-09-27 14:23:09.949 - INFO - [ASTER_ASTER] [OPEN] [201951235] FILLED 506.17 @ 0
2025-09-27 14:23:11.631 - INFO - [ASTER_ASTER] Current Position: 836.17 | Active closing amount: 330 | Order quantity: 11
2025-09-27 14:23:11.698 - INFO - [ASTER_ASTER] WebSocket disconnected
2025-10-09 01:47:04.382 - INFO - [ASTER_ASTER] === Trading Configuration ===
2025-10-09 01:47:04.383 - INFO - [ASTER_ASTER] Ticker: ASTER
2025-10-09 01:47:04.384 - INFO - [ASTER_ASTER] Contract ID: ASTERUSDT
2025-10-09 01:47:04.384 - INFO - [ASTER_ASTER] Quantity: 20
2025-10-09 01:47:04.384 - INFO - [ASTER_ASTER] Take Profit: 0.05%
2025-10-09 01:47:04.384 - INFO - [ASTER_ASTER] Direction: buy
2025-10-09 01:47:04.385 - INFO - [ASTER_ASTER] Max Orders: 10
2025-10-09 01:47:04.385 - INFO - [ASTER_ASTER] Wait Time: 60s
2025-10-09 01:47:04.385 - INFO - [ASTER_ASTER] Exchange: aster
2025-10-09 01:47:04.385 - INFO - [ASTER_ASTER] Grid Step: 0.2%
2025-10-09 01:47:04.385 - INFO - [ASTER_ASTER] Stop Price: -1
2025-10-09 01:47:04.386 - INFO - [ASTER_ASTER] Pause Price: -1
2025-10-09 01:47:04.386 - INFO - [ASTER_ASTER] Boost Mode: False
2025-10-09 01:47:04.386 - INFO - [ASTER_ASTER] =============================
2025-10-09 01:47:05.068 - INFO - [ASTER_ASTER] Connected to Aster WebSocket with listen key
2025-10-09 01:47:11.765 - INFO - [ASTER_ASTER] Current Position: 0.00 | Active closing amount: 0 | Order quantity: 0
2025-10-09 01:47:11.992 - INFO - [ASTER_ASTER] [OPEN] [551813323] OPEN 20 @ 1.98690
2025-10-09 01:47:19.657 - INFO - [ASTER_ASTER] [OPEN] [551813323] FILLED 20 @ 1.98690
2025-10-09 01:47:20.043 - INFO - [ASTER_ASTER] [CLOSE] [551815287] OPEN 20 @ 1.98790
2025-10-09 01:47:32.042 - INFO - [ASTER_ASTER] [CLOSE] [551815287] FILLED 20 @ 1.98790
2025-10-09 01:47:32.535 - INFO - [ASTER_ASTER] [OPEN] [551818083] OPEN 20 @ 1.98800
2025-10-09 01:47:33.194 - INFO - [ASTER_ASTER] [OPEN] [551818083] FILLED 20 @ 1.98800
2025-10-09 01:47:33.746 - INFO - [ASTER_ASTER] [CLOSE] [551818636] OPEN 20 @ 1.98900
2025-10-09 01:48:13.092 - INFO - [ASTER_ASTER] Current Position: 20.00 | Active closing amount: 20 | Order quantity: 1
2025-10-09 01:48:15.782 - INFO - [ASTER_ASTER] [CLOSE] [551818636] FILLED 20 @ 1.98900
2025-10-09 01:48:17.195 - INFO - [ASTER_ASTER] [OPEN] [551827462] OPEN 20 @ 1.98890
2025-10-09 01:48:29.641 - INFO - [ASTER_ASTER] [OPEN] [551827462] Cancelling order and placing a new order
2025-10-09 01:48:29.748 - INFO - [ASTER_ASTER] [OPEN] [551827462] CANCELED 20 @ 1.98890
2025-10-09 01:48:30.236 - INFO - [ASTER_ASTER] [OPEN] [551830172] OPEN 20 @ 1.99140
2025-10-09 01:48:30.632 - INFO - [ASTER_ASTER] [OPEN] [551830172] FILLED 20 @ 1.99140
2025-10-09 01:48:31.375 - INFO - [ASTER_ASTER] [CLOSE] [551830654] OPEN 20 @ 1.99240
2025-10-09 01:48:39.685 - INFO - [ASTER_ASTER] [CLOSE] [551830654] FILLED 20 @ 1.99240
2025-10-09 01:48:40.777 - INFO - [ASTER_ASTER] [OPEN] [551832932] OPEN 20 @ 1.99340
2025-10-09 01:48:40.778 - INFO - [ASTER_ASTER] [OPEN] [551832932] EXPIRED 20 @ 1.99340
2025-10-09 01:48:41.288 - INFO - [ASTER_ASTER] [OPEN] [551833129] OPEN 20 @ 1.99290
2025-10-09 01:48:46.265 - INFO - [ASTER_ASTER] [OPEN] [551833129] FILLED 20 @ 1.99290
2025-10-09 01:48:46.641 - INFO - [ASTER_ASTER] [CLOSE] [551834612] OPEN 20 @ 1.99390
2025-10-09 01:48:56.047 - INFO - [ASTER_ASTER] [CLOSE] [551834612] FILLED 20 @ 1.99390
2025-10-09 01:48:57.229 - INFO - [ASTER_ASTER] [OPEN] [551838033] OPEN 20 @ 1.99470
2025-10-09 01:49:00.285 - INFO - [ASTER_ASTER] [OPEN] [551838033] FILLED 20 @ 1.99470
2025-10-09 01:49:00.663 - INFO - [ASTER_ASTER] [CLOSE] [551839013] OPEN 20 @ 1.99570
2025-10-09 01:49:13.628 - INFO - [ASTER_ASTER] Current Position: 20.00 | Active closing amount: 20 | Order quantity: 1
2025-10-09 01:50:04.493 - INFO - [ASTER_ASTER] [CLOSE] [551839013] FILLED 20 @ 1.99570
2025-10-09 01:50:04.919 - INFO - [ASTER_ASTER] [OPEN] [551854213] OPEN 20 @ 1.99630
2025-10-09 01:50:13.741 - INFO - [ASTER_ASTER] [OPEN] [551854213] FILLED 20 @ 1.99630
2025-10-09 01:50:14.168 - INFO - [ASTER_ASTER] [CLOSE] [551856042] OPEN 20 @ 1.99730
2025-10-09 01:50:16.583 - INFO - [ASTER_ASTER] Current Position: 20.00 | Active closing amount: 20 | Order quantity: 1
2025-10-09 01:50:24.402 - INFO - [ASTER_ASTER] [CLOSE] [551856042] FILLED 20 @ 1.99730
2025-10-09 01:50:25.331 - INFO - [ASTER_ASTER] [OPEN] [551858151] OPEN 20 @ 1.99740
2025-10-09 01:50:37.581 - INFO - [ASTER_ASTER] [OPEN] [551858151] Cancelling order and placing a new order
2025-10-09 01:50:37.705 - INFO - [ASTER_ASTER] [OPEN] [551858151] CANCELED 20 @ 1.99740
2025-10-09 01:50:38.024 - INFO - [ASTER_ASTER] [OPEN] [551861361] OPEN 20 @ 1.99930
2025-10-09 01:50:39.424 - INFO - [ASTER_ASTER] [OPEN] [551861361] FILLED 20 @ 1.99930
2025-10-09 01:50:39.838 - INFO - [ASTER_ASTER] [CLOSE] [551861762] OPEN 20 @ 2.00030
2025-10-09 01:51:17.615 - INFO - [ASTER_ASTER] Current Position: 20.00 | Active closing amount: 20 | Order quantity: 1
2025-10-09 01:51:18.691 - INFO - [ASTER_ASTER] [CLOSE] [551861762] FILLED 20 @ 2.00030
2025-10-09 01:51:19.186 - INFO - [ASTER_ASTER] [OPEN] [551871828] OPEN 20 @ 2.00040
2025-10-09 01:51:20.688 - INFO - [ASTER_ASTER] [OPEN] [551871828] FILLED 20 @ 2.00040
2025-10-09 01:51:21.276 - INFO - [ASTER_ASTER] [CLOSE] [551872285] OPEN 20 @ 2.00140
2025-10-09 01:52:02.978 - INFO - [ASTER_ASTER] [CLOSE] [551872285] FILLED 20 @ 2.00140
2025-10-09 01:52:04.069 - INFO - [ASTER_ASTER] [OPEN] [551880217] OPEN 20 @ 2.00160
2025-10-09 01:52:04.843 - INFO - [ASTER_ASTER] [OPEN] [551880217] FILLED 20 @ 2.00160
2025-10-09 01:52:05.370 - INFO - [ASTER_ASTER] [CLOSE] [551880662] OPEN 20 @ 2.00260
2025-10-09 01:52:18.524 - INFO - [ASTER_ASTER] Current Position: 20.00 | Active closing amount: 20 | Order quantity: 1
2025-10-09 01:52:39.026 - INFO - [ASTER_ASTER] [OPEN] [551887577] OPEN 20 @ 1.99730
2025-10-09 01:52:39.504 - INFO - [ASTER_ASTER] [OPEN] [551887577] FILLED 20 @ 1.99730
2025-10-09 01:52:40.113 - INFO - [ASTER_ASTER] [CLOSE] [551888020] OPEN 20 @ 1.99830
2025-10-09 01:53:08.417 - INFO - [ASTER_ASTER] [CLOSE] [551888020] FILLED 20 @ 1.99830
2025-10-09 01:53:16.594 - INFO - [ASTER_ASTER] [OPEN] [551898299] OPEN 20 @ 1.99740
2025-10-09 01:53:16.901 - INFO - [ASTER_ASTER] [OPEN] [551898299] FILLED 20 @ 1.99740
2025-10-09 01:53:17.476 - INFO - [ASTER_ASTER] [CLOSE] [551898688] OPEN 20 @ 1.99840
2025-10-09 01:53:19.940 - INFO - [ASTER_ASTER] Current Position: 40.00 | Active closing amount: 40 | Order quantity: 2
2025-10-09 01:54:14.083 - INFO - [ASTER_ASTER] [CLOSE] [551898688] FILLED 20 @ 1.99840
2025-10-09 01:54:21.037 - INFO - [ASTER_ASTER] Current Position: 20.00 | Active closing amount: 20 | Order quantity: 1
2025-10-09 01:54:21.397 - INFO - [ASTER_ASTER] [OPEN] [551915821] OPEN 20 @ 1.99750
2025-10-09 01:54:25.363 - INFO - [ASTER_ASTER] [OPEN] [551915821] FILLED 20 @ 1.99750
2025-10-09 01:54:25.753 - INFO - [ASTER_ASTER] [CLOSE] [551916907] OPEN 20 @ 1.99850
2025-10-09 01:55:21.749 - INFO - [ASTER_ASTER] Current Position: 40.00 | Active closing amount: 40 | Order quantity: 2
2025-10-09 01:55:38.264 - INFO - [ASTER_ASTER] [CLOSE] [551916907] FILLED 20 @ 1.99850
2025-10-09 01:56:17.624 - INFO - [ASTER_ASTER] [OPEN] [551941038] OPEN 20 @ 1.99750
2025-10-09 01:56:30.008 - INFO - [ASTER_ASTER] [OPEN] [551941038] Cancelling order and placing a new order
2025-10-09 01:56:30.124 - INFO - [ASTER_ASTER] [OPEN] [551941038] CANCELED 20 @ 1.99750
2025-10-09 01:56:30.455 - INFO - [ASTER_ASTER] Current Position: 20.00 | Active closing amount: 20 | Order quantity: 1
2025-10-09 01:57:11.613 - INFO - [ASTER_ASTER] [CLOSE] [551880662] FILLED 20 @ 2.00260
2025-10-09 01:57:11.899 - INFO - [ASTER_ASTER] [OPEN] [551953627] OPEN 20 @ 2.00280
2025-10-09 01:57:13.846 - INFO - [ASTER_ASTER] [OPEN] [551953627] FILLED 20 @ 2.00280
2025-10-09 01:57:14.253 - INFO - [ASTER_ASTER] [CLOSE] [551954731] OPEN 20 @ 2.00380
2025-10-09 01:57:30.851 - INFO - [ASTER_ASTER] Current Position: 20.00 | Active closing amount: 20 | Order quantity: 1
2025-10-09 01:57:35.077 - INFO - [ASTER_ASTER] [CLOSE] [551954731] FILLED 20 @ 2.00380
2025-10-09 01:57:36.099 - INFO - [ASTER_ASTER] [OPEN] [551960321] OPEN 20 @ 2.00440
2025-10-09 01:57:36.426 - INFO - [ASTER_ASTER] [OPEN] [551960321] FILLED 20 @ 2.00440
2025-10-09 01:57:36.885 - INFO - [ASTER_ASTER] [CLOSE] [551960624] OPEN 20 @ 2.00540
2025-10-09 01:57:54.152 - INFO - [ASTER_ASTER] [CLOSE] [551960624] FILLED 20 @ 2.00540
2025-10-09 01:57:54.711 - INFO - [ASTER_ASTER] [OPEN] [551965331] OPEN 20 @ 2.00540
2025-10-09 01:57:55.745 - INFO - [ASTER_ASTER] [OPEN] [551965331] FILLED 20 @ 2.00540
2025-10-09 01:57:56.208 - INFO - [ASTER_ASTER] [CLOSE] [551965594] OPEN 20 @ 2.00640
2025-10-09 01:58:31.289 - INFO - [ASTER_ASTER] Current Position: 20.00 | Active closing amount: 20 | Order quantity: 1
2025-10-09 01:59:08.574 - INFO - [ASTER_ASTER] [OPEN] [551986627] OPEN 20 @ 2.00110
2025-10-09 01:59:09.632 - INFO - [ASTER_ASTER] [OPEN] [551986627] FILLED 20 @ 2.00110
2025-10-09 01:59:10.232 - INFO - [ASTER_ASTER] [CLOSE] [551987089] OPEN 20 @ 2.00210
2025-10-09 01:59:16.930 - INFO - [ASTER_ASTER] [CLOSE] [551987089] FILLED 20 @ 2.00210
2025-10-09 01:59:26.916 - INFO - [ASTER_ASTER] [OPEN] [551991590] OPEN 20 @ 2.00130
2025-10-09 01:59:26.916 - INFO - [ASTER_ASTER] [OPEN] [551991590] EXPIRED 20 @ 2.00130
2025-10-09 01:59:27.506 - INFO - [ASTER_ASTER] [OPEN] [551991762] OPEN 20 @ 2.00100
2025-10-09 01:59:29.280 - INFO - [ASTER_ASTER] [OPEN] [551991762] FILLED 20 @ 2.00100
2025-10-09 01:59:30.078 - INFO - [ASTER_ASTER] [CLOSE] [551992353] OPEN 20 @ 2.00200
2025-10-09 01:59:32.458 - INFO - [ASTER_ASTER] Current Position: 40.00 | Active closing amount: 40 | Order quantity: 2
2025-10-09 02:00:01.757 - INFO - [ASTER_ASTER] [CLOSE] [551992353] FILLED 20 @ 2.00200
2025-10-09 02:00:13.203 - INFO - [ASTER_ASTER] [OPEN] [552003192] OPEN 20 @ 2.00120
2025-10-09 02:00:13.203 - INFO - [ASTER_ASTER] [OPEN] [552003192] EXPIRED 20 @ 2.00120
2025-10-09 02:00:13.663 - INFO - [ASTER_ASTER] [OPEN] [552003325] OPEN 20 @ 2.00070
2025-10-09 02:00:13.663 - INFO - [ASTER_ASTER] [OPEN] [552003325] FILLED 20 @ 2.00070
2025-10-09 02:00:14.415 - INFO - [ASTER_ASTER] [CLOSE] [552003748] OPEN 20 @ 2.00170
2025-10-09 02:00:16.824 - INFO - [ASTER_ASTER] [CLOSE] [552003748] FILLED 20 @ 2.00170
2025-10-09 02:00:18.637 - INFO - [ASTER_ASTER] [OPEN] [552005442] OPEN 20 @ 2.00080
2025-10-09 02:00:18.637 - INFO - [ASTER_ASTER] [OPEN] [552005442] EXPIRED 20 @ 2.00080
2025-10-09 02:00:19.134 - INFO - [ASTER_ASTER] [OPEN] [552005623] OPEN 20 @ 2.00010
2025-10-09 02:00:20.622 - INFO - [ASTER_ASTER] [OPEN] [552005623] FILLED 20 @ 2.00010
2025-10-09 02:00:21.083 - INFO - [ASTER_ASTER] [CLOSE] [552006198] OPEN 20 @ 2.00110
2025-10-09 02:00:33.658 - INFO - [ASTER_ASTER] Current Position: 40.00 | Active closing amount: 40 | Order quantity: 2
2025-10-09 02:00:51.586 - INFO - [ASTER_ASTER] [OPEN] [552015594] OPEN 20 @ 1.99570
2025-10-09 02:00:53.240 - INFO - [ASTER_ASTER] [OPEN] [552015594] FILLED 20 @ 1.99570
2025-10-09 02:00:53.675 - INFO - [ASTER_ASTER] [CLOSE] [552016211] OPEN 20 @ 1.99670
2025-10-09 02:00:55.219 - INFO - [ASTER_ASTER] [CLOSE] [552016211] FILLED 20 @ 1.99670
2025-10-09 02:01:04.479 - INFO - [ASTER_ASTER] [CLOSE] [552006198] FILLED 20 @ 2.00110
2025-10-09 02:01:09.226 - INFO - [ASTER_ASTER] [OPEN] [552021696] OPEN 20 @ 2.00110
2025-10-09 02:01:09.226 - INFO - [ASTER_ASTER] [OPEN] [552021696] EXPIRED 20 @ 2.00110
2025-10-09 02:01:09.742 - INFO - [ASTER_ASTER] [OPEN] [552021927] OPEN 20 @ 2.00010
2025-10-09 02:01:09.980 - INFO - [ASTER_ASTER] [OPEN] [552021927] FILLED 20 @ 2.00010
2025-10-09 02:01:10.397 - INFO - [ASTER_ASTER] [CLOSE] [552022154] OPEN 20 @ 2.00110
2025-10-09 02:01:34.551 - INFO - [ASTER_ASTER] Current Position: 40.00 | Active closing amount: 40 | Order quantity: 2
2025-10-09 02:01:54.373 - INFO - [ASTER_ASTER] [CLOSE] [552022154] FILLED 20 @ 2.00110
2025-10-09 02:01:56.032 - INFO - [ASTER_ASTER] [OPEN] [552035230] OPEN 20 @ 1.99970
2025-10-09 02:01:56.046 - INFO - [ASTER_ASTER] [OPEN] [552035230] FILLED 20 @ 1.99970
2025-10-09 02:01:56.695 - INFO - [ASTER_ASTER] [CLOSE] [552035537] OPEN 20 @ 2.00070
2025-10-09 02:02:16.237 - INFO - [ASTER_ASTER] [CLOSE] [552035537] FILLED 20 @ 2.00070
2025-10-09 02:02:17.656 - INFO - [ASTER_ASTER] [OPEN] [552042867] OPEN 20 @ 2.00080
2025-10-09 02:02:30.191 - INFO - [ASTER_ASTER] [OPEN] [552042867] Cancelling order and placing a new order
2025-10-09 02:02:30.366 - INFO - [ASTER_ASTER] [OPEN] [552042867] CANCELED 20 @ 2.00080
2025-10-09 02:02:35.732 - INFO - [ASTER_ASTER] Current Position: 20.00 | Active closing amount: 20 | Order quantity: 1
2025-10-09 02:02:40.561 - INFO - [ASTER_ASTER] [OPEN] [552049415] OPEN 20 @ 2.00100
2025-10-09 02:02:40.710 - INFO - [ASTER_ASTER] [OPEN] [552049415] FILLED 20 @ 2.00100
2025-10-09 02:02:41.266 - INFO - [ASTER_ASTER] [CLOSE] [552049658] OPEN 20 @ 2.00200
2025-10-09 02:02:43.889 - INFO - [ASTER_ASTER] [CLOSE] [552049658] FILLED 20 @ 2.00200
2025-10-09 02:02:56.527 - INFO - [ASTER_ASTER] [OPEN] [552054730] OPEN 20 @ 2
2025-10-09 02:02:57.168 - INFO - [ASTER_ASTER] [OPEN] [552054730] FILLED 20 @ 2
2025-10-09 02:02:57.607 - INFO - [ASTER_ASTER] [CLOSE] [552055115] OPEN 20 @ 2.00100
2025-10-09 02:03:01.959 - INFO - [ASTER_ASTER] [CLOSE] [552055115] FILLED 20 @ 2.00100
2025-10-09 02:03:02.355 - INFO - [ASTER_ASTER] [OPEN] [552056646] OPEN 20 @ 2.00120
2025-10-09 02:03:03.153 - INFO - [ASTER_ASTER] [OPEN] [552056646] FILLED 20 @ 2.00120
2025-10-09 02:03:03.611 - INFO - [ASTER_ASTER] [CLOSE] [552057064] OPEN 20 @ 2.00220
2025-10-09 02:03:34.041 - INFO - [ASTER_ASTER] [OPEN] [552067619] OPEN 20 @ 1.99510
2025-10-09 02:03:34.283 - INFO - [ASTER_ASTER] [OPEN] [552067619] FILLED 20 @ 1.99510
2025-10-09 02:03:34.850 - INFO - [ASTER_ASTER] [CLOSE] [552067918] OPEN 20 @ 1.99610
2025-10-09 02:03:37.425 - INFO - [ASTER_ASTER] Current Position: 60.00 | Active closing amount: 60 | Order quantity: 3
2025-10-09 02:03:42.555 - INFO - [ASTER_ASTER] [CLOSE] [552067918] FILLED 20 @ 1.99610
2025-10-09 02:03:43.625 - INFO - [ASTER_ASTER] [OPEN] [552070520] OPEN 20 @ 1.99610
2025-10-09 02:03:53.534 - INFO - [ASTER_ASTER] [OPEN] [552070520] FILLED 20 @ 1.99610
2025-10-09 02:03:53.945 - INFO - [ASTER_ASTER] [CLOSE] [552073472] OPEN 20 @ 1.99710
2025-10-09 02:03:54.627 - INFO - [ASTER_ASTER] [CLOSE] [552073472] FILLED 20 @ 1.99710
2025-10-09 02:04:36.665 - INFO - [ASTER_ASTER] [OPEN] [552087974] OPEN 20 @ 1.99710
2025-10-09 02:04:36.748 - INFO - [ASTER_ASTER] [OPEN] [552087974] FILLED 20 @ 1.99710
2025-10-09 02:04:37.311 - INFO - [ASTER_ASTER] [CLOSE] [552088167] OPEN 20 @ 1.99810
2025-10-09 02:04:39.718 - INFO - [ASTER_ASTER] Current Position: 60.00 | Active closing amount: 60 | Order quantity: 3
2025-10-09 02:05:01.614 - INFO - [ASTER_ASTER] [CLOSE] [552088167] FILLED 20 @ 1.99810
2025-10-09 02:05:08.194 - INFO - [ASTER_ASTER] [OPEN] [552097286] OPEN 20 @ 1.99660
2025-10-09 02:05:10.848 - INFO - [ASTER_ASTER] [OPEN] [552097286] FILLED 20 @ 1.99660
2025-10-09 02:05:11.207 - INFO - [ASTER_ASTER] [CLOSE] [552098771] OPEN 20 @ 1.99760
2025-10-09 02:05:40.193 - INFO - [ASTER_ASTER] Current Position: 60.00 | Active closing amount: 60 | Order quantity: 3
2025-10-09 02:05:55.075 - INFO - [ASTER_ASTER] [OPEN] [552111452] OPEN 20 @ 1.99250
2025-10-09 02:05:58.913 - INFO - [ASTER_ASTER] [OPEN] [552111452] FILLED 20 @ 1.99250
2025-10-09 02:05:59.385 - INFO - [ASTER_ASTER] [CLOSE] [552113556] OPEN 20 @ 1.99350
2025-10-09 02:06:40.548 - INFO - [ASTER_ASTER] Current Position: 80.00 | Active closing amount: 80 | Order quantity: 4
2025-10-09 02:06:41.604 - INFO - [ASTER_ASTER] [CLOSE] [552113556] FILLED 20 @ 1.99350
2025-10-09 02:07:34.145 - INFO - [ASTER_ASTER] [OPEN] [552139898] OPEN 20 @ 1.99250
2025-10-09 02:07:46.516 - INFO - [ASTER_ASTER] [OPEN] [552139898] Cancelling order and placing a new order
2025-10-09 02:07:46.637 - INFO - [ASTER_ASTER] [OPEN] [552139898] CANCELED 20 @ 1.99250
2025-10-09 02:07:47.001 - INFO - [ASTER_ASTER] Current Position: 60.00 | Active closing amount: 60 | Order quantity: 3
2025-10-09 02:08:22.192 - INFO - [ASTER_ASTER] [CLOSE] [552098771] FILLED 20 @ 1.99760
2025-10-09 02:08:25.744 - INFO - [ASTER_ASTER] [OPEN] [552153503] OPEN 20 @ 1.99710
2025-10-09 02:08:30.583 - INFO - [ASTER_ASTER] [OPEN] [552153503] FILLED 20 @ 1.99710
2025-10-09 02:08:30.967 - INFO - [ASTER_ASTER] [CLOSE] [552155074] OPEN 20 @ 1.99810
2025-10-09 02:08:41.862 - INFO - [ASTER_ASTER] [CLOSE] [552155074] FILLED 20 @ 1.99810
2025-10-09 02:08:47.392 - INFO - [ASTER_ASTER] Current Position: 40.00 | Active closing amount: 40 | Order quantity: 2
2025-10-09 02:09:48.238 - INFO - [ASTER_ASTER] Current Position: 40.00 | Active closing amount: 40 | Order quantity: 2
2025-10-09 02:10:34.112 - INFO - [ASTER_ASTER] [CLOSE] [552057064] FILLED 20 @ 2.00220
2025-10-09 02:10:49.603 - INFO - [ASTER_ASTER] Current Position: 20.00 | Active closing amount: 20 | Order quantity: 1
2025-10-09 02:11:24.611 - INFO - [ASTER_ASTER] [OPEN] [552194627] OPEN 20 @ 2.00120
2025-10-09 02:11:37.167 - INFO - [ASTER_ASTER] [OPEN] [552194627] Cancelling order and placing a new order
2025-10-09 02:11:37.391 - INFO - [ASTER_ASTER] [OPEN] [552194627] CANCELED 20 @ 2.00120
2025-10-09 02:11:50.351 - INFO - [ASTER_ASTER] Current Position: 20.00 | Active closing amount: 20 | Order quantity: 1
2025-10-09 02:12:51.113 - INFO - [ASTER_ASTER] Current Position: 20.00 | Active closing amount: 20 | Order quantity: 1
2025-10-09 02:13:18.126 - INFO - [ASTER_ASTER] [OPEN] [552218153] OPEN 20 @ 2.00110
2025-10-09 02:13:19.436 - INFO - [ASTER_ASTER] [OPEN] [552218153] PARTIALLY_FILLED 6.48 @ 2.00110
2025-10-09 02:13:20.561 - INFO - [ASTER_ASTER] [OPEN] [552218153] FILLED 20 @ 2.00110
2025-10-09 02:13:20.932 - INFO - [ASTER_ASTER] [CLOSE] [552218982] OPEN 20 @ 2.00210
2025-10-09 02:13:52.387 - INFO - [ASTER_ASTER] Current Position: 40.00 | Active closing amount: 40 | Order quantity: 2
2025-10-09 02:14:00.285 - INFO - [ASTER_ASTER] [CLOSE] [552218982] FILLED 20 @ 2.00210
2025-10-09 02:14:09.322 - INFO - [ASTER_ASTER] [OPEN] [552228904] OPEN 20 @ 2.00030
2025-10-09 02:14:09.971 - INFO - [ASTER_ASTER] [OPEN] [552228904] FILLED 20 @ 2.00030
2025-10-09 02:14:10.433 - INFO - [ASTER_ASTER] [CLOSE] [552229133] OPEN 20 @ 2.00130
2025-10-09 02:14:53.674 - INFO - [ASTER_ASTER] Current Position: 40.00 | Active closing amount: 40 | Order quantity: 2
2025-10-09 02:15:14.454 - INFO - [ASTER_ASTER] [OPEN] [552243279] OPEN 20 @ 1.99560
2025-10-09 02:15:23.194 - INFO - [ASTER_ASTER] [OPEN] [552243279] FILLED 20 @ 1.99560
2025-10-09 02:15:23.588 - INFO - [ASTER_ASTER] [CLOSE] [552245165] OPEN 20 @ 1.99660
2025-10-09 02:15:54.711 - INFO - [ASTER_ASTER] Current Position: 60.00 | Active closing amount: 60 | Order quantity: 3
2025-10-09 02:16:01.470 - INFO - [ASTER_ASTER] [OPEN] [552252792] OPEN 20 @ 1.99120
2025-10-09 02:16:01.471 - INFO - [ASTER_ASTER] [OPEN] [552252792] EXPIRED 20 @ 1.99120
2025-10-09 02:16:01.981 - INFO - [ASTER_ASTER] [OPEN] [552252899] OPEN 20 @ 1.99100
2025-10-09 02:16:02.633 - INFO - [ASTER_ASTER] [OPEN] [552252899] FILLED 20 @ 1.99100
2025-10-09 02:16:03.064 - INFO - [ASTER_ASTER] [CLOSE] [552253170] OPEN 20 @ 1.99200
2025-10-09 02:16:34.265 - INFO - [ASTER_ASTER] [CLOSE] [552253170] FILLED 20 @ 1.99200
2025-10-09 02:16:56.115 - INFO - [ASTER_ASTER] Current Position: 60.00 | Active closing amount: 60 | Order quantity: 3
2025-10-09 02:17:25.794 - INFO - [ASTER_ASTER] [OPEN] [552275889] OPEN 20 @ 1.99150
2025-10-09 02:17:25.794 - INFO - [ASTER_ASTER] [OPEN] [552275889] EXPIRED 20 @ 1.99150
2025-10-09 02:17:26.293 - INFO - [ASTER_ASTER] [OPEN] [552276044] OPEN 20 @ 1.99120
2025-10-09 02:17:29.642 - INFO - [ASTER_ASTER] [OPEN] [552276044] FILLED 20 @ 1.99120
2025-10-09 02:17:29.989 - INFO - [ASTER_ASTER] [CLOSE] [552276917] OPEN 20 @ 1.99220
2025-10-09 02:17:54.210 - INFO - [ASTER_ASTER] [CLOSE] [552276917] FILLED 20 @ 1.99220
2025-10-09 02:17:55.842 - INFO - [ASTER_ASTER] [OPEN] [552282905] OPEN 20 @ 1.99150
2025-10-09 02:17:55.842 - INFO - [ASTER_ASTER] [OPEN] [552282905] EXPIRED 20 @ 1.99150
2025-10-09 02:17:56.274 - INFO - [ASTER_ASTER] [OPEN] [552283031] OPEN 20 @ 1.99140
2025-10-09 02:17:56.369 - INFO - [ASTER_ASTER] [OPEN] [552283031] FILLED 20 @ 1.99140
2025-10-09 02:17:56.820 - INFO - [ASTER_ASTER] [CLOSE] [552283204] OPEN 20 @ 1.99240
2025-10-09 02:17:59.381 - INFO - [ASTER_ASTER] Current Position: 80.00 | Active closing amount: 80 | Order quantity: 4
2025-10-09 02:18:09.904 - INFO - [ASTER_ASTER] [CLOSE] [552283204] FILLED 20 @ 1.99240
2025-10-09 02:18:27.348 - INFO - [ASTER_ASTER] [OPEN] [552288764] OPEN 20 @ 1.99080
2025-10-09 02:18:39.829 - INFO - [ASTER_ASTER] [OPEN] [552288764] Cancelling order and placing a new order
2025-10-09 02:18:39.967 - INFO - [ASTER_ASTER] [OPEN] [552288764] CANCELED 20 @ 1.99080
2025-10-09 02:18:59.912 - INFO - [ASTER_ASTER] Current Position: 60.00 | Active closing amount: 60 | Order quantity: 3
2025-10-09 02:19:37.572 - INFO - [ASTER_ASTER] [CLOSE] [552245165] FILLED 20 @ 1.99660
2025-10-09 02:19:48.686 - INFO - [ASTER_ASTER] [OPEN] [552306733] OPEN 20 @ 1.99580
2025-10-09 02:19:49.100 - INFO - [ASTER_ASTER] [OPEN] [552306733] FILLED 20 @ 1.99580
2025-10-09 02:19:49.540 - INFO - [ASTER_ASTER] [CLOSE] [552306922] OPEN 20 @ 1.99680
2025-10-09 02:19:56.856 - INFO - [ASTER_ASTER] [CLOSE] [552306922] FILLED 20 @ 1.99680
2025-10-09 02:20:01.294 - INFO - [ASTER_ASTER] Current Position: 40.00 | Active closing amount: 40 | Order quantity: 2
2025-10-09 02:20:31.322 - INFO - [ASTER_ASTER] [OPEN] [552314946] OPEN 20 @ 1.99620
2025-10-09 02:20:32.568 - INFO - [ASTER_ASTER] [OPEN] [552314946] FILLED 20 @ 1.99620
2025-10-09 02:20:33.109 - INFO - [ASTER_ASTER] [CLOSE] [552315389] OPEN 20 @ 1.99720
2025-10-09 02:20:45.920 - INFO - [ASTER_ASTER] [CLOSE] [552315389] FILLED 20 @ 1.99720
2025-10-09 02:21:02.055 - INFO - [ASTER_ASTER] Current Position: 40.00 | Active closing amount: 40 | Order quantity: 2
2025-10-09 02:21:50.645 - INFO - [ASTER_ASTER] [OPEN] [552333258] OPEN 20 @ 1.99620
2025-10-09 02:21:51.588 - INFO - [ASTER_ASTER] [OPEN] [552333258] FILLED 20 @ 1.99620
2025-10-09 02:21:52.040 - INFO - [ASTER_ASTER] [CLOSE] [552333537] OPEN 20 @ 1.99720
2025-10-09 02:22:02.571 - INFO - [ASTER_ASTER] Current Position: 60.00 | Active closing amount: 60 | Order quantity: 3
2025-10-09 02:22:55.651 - INFO - [ASTER_ASTER] [CLOSE] [552333537] FILLED 20 @ 1.99720
2025-10-09 02:23:03.988 - INFO - [ASTER_ASTER] Current Position: 40.00 | Active closing amount: 40 | Order quantity: 2
2025-10-09 02:24:04.736 - INFO - [ASTER_ASTER] Current Position: 40.00 | Active closing amount: 40 | Order quantity: 2
2025-10-09 02:24:06.825 - INFO - [ASTER_ASTER] [CLOSE] [552229133] FILLED 20 @ 2.00130
2025-10-09 02:24:11.500 - INFO - [ASTER_ASTER] [OPEN] [552364990] OPEN 20 @ 2.00100
2025-10-09 02:24:12.551 - INFO - [ASTER_ASTER] [OPEN] [552364990] FILLED 20 @ 2.00100
2025-10-09 02:24:13.042 - INFO - [ASTER_ASTER] [CLOSE] [552365338] OPEN 20 @ 2.00200
2025-10-09 02:24:59.023 - INFO - [ASTER_ASTER] [OPEN] [552373192] OPEN 20 @ 1.99690
2025-10-09 02:24:59.274 - INFO - [ASTER_ASTER] [OPEN] [552373192] FILLED 20 @ 1.99690
2025-10-09 02:24:59.833 - INFO - [ASTER_ASTER] [CLOSE] [552373535] OPEN 20 @ 1.99790
2025-10-09 02:25:05.684 - INFO - [ASTER_ASTER] Current Position: 60.00 | Active closing amount: 60 | Order quantity: 3
2025-10-09 02:26:06.841 - INFO - [ASTER_ASTER] Current Position: 60.00 | Active closing amount: 60 | Order quantity: 3
2025-10-09 02:26:45.605 - INFO - [ASTER_ASTER] [CLOSE] [552373535] FILLED 20 @ 1.99790
2025-10-09 02:27:03.607 - INFO - [ASTER_ASTER] [OPEN] [552396144] OPEN 20 @ 1.99600
2025-10-09 02:27:03.607 - INFO - [ASTER_ASTER] [OPEN] [552396144] EXPIRED 20 @ 1.99600
2025-10-09 02:27:04.259 - INFO - [ASTER_ASTER] [OPEN] [552396258] OPEN 20 @ 1.99580
2025-10-09 02:27:05.314 - INFO - [ASTER_ASTER] [OPEN] [552396258] FILLED 20 @ 1.99580
2025-10-09 02:27:05.849 - INFO - [ASTER_ASTER] [CLOSE] [552396621] OPEN 20 @ 1.99680
2025-10-09 02:27:08.377 - INFO - [ASTER_ASTER] Current Position: 60.00 | Active closing amount: 60 | Order quantity: 3
2025-10-09 02:27:33.868 - INFO - [ASTER_ASTER] [CLOSE] [552396621] FILLED 20 @ 1.99680
2025-10-09 02:27:35.106 - INFO - [ASTER_ASTER] [OPEN] [552401953] OPEN 20 @ 1.99640
2025-10-09 02:27:36.482 - INFO - [ASTER_ASTER] [OPEN] [552401953] FILLED 20 @ 1.99640
2025-10-09 02:27:36.880 - INFO - [ASTER_ASTER] [CLOSE] [552402287] OPEN 20 @ 1.99740
2025-10-09 02:27:54.145 - INFO - [ASTER_ASTER] [CLOSE] [552402287] FILLED 20 @ 1.99740
2025-10-09 02:28:06.975 - INFO - [ASTER_ASTER] [OPEN] [552408900] OPEN 20 @ 1.99670
2025-10-09 02:28:08.691 - INFO - [ASTER_ASTER] [OPEN] [552408900] FILLED 20 @ 1.99670
2025-10-09 02:28:09.265 - INFO - [ASTER_ASTER] [CLOSE] [552409149] OPEN 20 @ 1.99770
2025-10-09 02:28:11.651 - INFO - [ASTER_ASTER] Current Position: 60.00 | Active closing amount: 60 | Order quantity: 3
2025-10-09 02:28:21.134 - INFO - [ASTER_ASTER] [CLOSE] [552409149] PARTIALLY_FILLED 3.83 @ 1.99770
2025-10-09 02:28:21.224 - INFO - [ASTER_ASTER] [CLOSE] [552409149] FILLED 20 @ 1.99770
2025-10-09 02:29:10.178 - INFO - [ASTER_ASTER] [OPEN] [552420693] OPEN 20 @ 1.99660
2025-10-09 02:29:21.408 - INFO - [ASTER_ASTER] [OPEN] [552420693] FILLED 20 @ 1.99660
2025-10-09 02:29:21.724 - INFO - [ASTER_ASTER] [CLOSE] [552423483] OPEN 20 @ 1.99760
2025-10-09 02:29:24.236 - INFO - [ASTER_ASTER] Current Position: 60.00 | Active closing amount: 60 | Order quantity: 3
2025-10-09 02:30:01.558 - INFO - [ASTER_ASTER] [CLOSE] [552423483] PARTIALLY_FILLED 11.57 @ 1.99760
2025-10-09 02:30:02.091 - INFO - [ASTER_ASTER] [CLOSE] [552423483] FILLED 20 @ 1.99760
2025-10-09 02:30:25.396 - INFO - [ASTER_ASTER] Current Position: 40.00 | Active closing amount: 40 | Order quantity: 2
2025-10-09 02:30:25.838 - INFO - [ASTER_ASTER] [OPEN] [552433670] OPEN 20 @ 1.99690
2025-10-09 02:30:38.135 - INFO - [ASTER_ASTER] [OPEN] [552433670] Cancelling order and placing a new order
2025-10-09 02:30:38.255 - INFO - [ASTER_ASTER] [OPEN] [552433670] CANCELED 20 @ 1.99690
2025-10-09 02:30:38.782 - INFO - [ASTER_ASTER] [OPEN] [552435507] OPEN 20 @ 1.99690
2025-10-09 02:30:51.094 - INFO - [ASTER_ASTER] [OPEN] [552435507] Cancelling order and placing a new order
2025-10-09 02:30:51.222 - INFO - [ASTER_ASTER] [OPEN] [552435507] CANCELED 20 @ 1.99690
2025-10-09 02:31:15.467 - INFO - [ASTER_ASTER] [CLOSE] [552365338] FILLED 20 @ 2.00200
2025-10-09 02:31:25.647 - INFO - [ASTER_ASTER] Current Position: 20.00 | Active closing amount: 20 | Order quantity: 1
2025-10-09 02:31:50.194 - INFO - [ASTER_ASTER] [CLOSE] [551965594] FILLED 20 @ 2.00640
2025-10-09 02:31:51.044 - INFO - [ASTER_ASTER] [OPEN] [552454258] OPEN 20 @ 2.00710
2025-10-09 02:31:52.623 - INFO - [ASTER_ASTER] [OPEN] [552454258] FILLED 20 @ 2.00710
2025-10-09 02:31:53.135 - INFO - [ASTER_ASTER] [CLOSE] [552454946] OPEN 20 @ 2.00810
2025-10-09 02:32:08.256 - INFO - [ASTER_ASTER] [OPEN] [552459228] OPEN 20 @ 2.00170
2025-10-09 02:32:20.596 - INFO - [ASTER_ASTER] [OPEN] [552459228] Cancelling order and placing a new order
2025-10-09 02:32:20.818 - INFO - [ASTER_ASTER] [OPEN] [552459228] CANCELED 20 @ 2.00170
2025-10-09 02:32:26.205 - INFO - [ASTER_ASTER] Current Position: 20.00 | Active closing amount: 20 | Order quantity: 1
2025-10-09 02:32:32.265 - INFO - [ASTER_ASTER] [CLOSE] [552454946] FILLED 20 @ 2.00810
2025-10-09 02:32:32.790 - INFO - [ASTER_ASTER] [OPEN] [552466764] OPEN 20 @ 2.00830
2025-10-09 02:32:33.275 - INFO - [ASTER_ASTER] [OPEN] [552466764] FILLED 20 @ 2.00830
2025-10-09 02:32:33.859 - INFO - [ASTER_ASTER] [CLOSE] [552467024] OPEN 20 @ 2.00930
2025-10-09 02:33:26.748 - INFO - [ASTER_ASTER] Current Position: 20.00 | Active closing amount: 20 | Order quantity: 1
2025-10-09 02:33:39.021 - INFO - [ASTER_ASTER] [CLOSE] [552467024] FILLED 20 @ 2.00930
2025-10-09 02:33:40.045 - INFO - [ASTER_ASTER] [OPEN] [552481346] OPEN 20 @ 2.00900
2025-10-09 02:33:40.516 - INFO - [ASTER_ASTER] [OPEN] [552481346] FILLED 20 @ 2.00900
2025-10-09 02:33:41.065 - INFO - [ASTER_ASTER] [CLOSE] [552481607] OPEN 20 @ 2.01000
2025-10-09 02:33:51.478 - INFO - [ASTER_ASTER] [CLOSE] [552481607] FILLED 20 @ 2.01000
2025-10-09 02:33:52.567 - INFO - [ASTER_ASTER] [OPEN] [552484053] OPEN 20 @ 2.01130
2025-10-09 02:33:54.372 - INFO - [ASTER_ASTER] [OPEN] [552484053] FILLED 20 @ 2.01130
2025-10-09 02:33:54.835 - INFO - [ASTER_ASTER] [CLOSE] [552484996] OPEN 20 @ 2.01230
2025-10-09 02:34:27.804 - INFO - [ASTER_ASTER] Current Position: 20.00 | Active closing amount: 20 | Order quantity: 1
2025-10-09 02:35:29.214 - INFO - [ASTER_ASTER] Current Position: 20.00 | Active closing amount: 20 | Order quantity: 1
2025-10-09 02:36:02.270 - INFO - [ASTER_ASTER] [CLOSE] [552484996] FILLED 20 @ 2.01230
2025-10-09 02:36:03.586 - INFO - [ASTER_ASTER] [OPEN] [552514335] OPEN 20 @ 2.01240
2025-10-09 02:36:04.173 - INFO - [ASTER_ASTER] [OPEN] [552514335] FILLED 20 @ 2.01240
2025-10-09 02:36:04.755 - INFO - [ASTER_ASTER] [CLOSE] [552514612] OPEN 20 @ 2.01340
2025-10-09 02:36:29.861 - INFO - [ASTER_ASTER] Current Position: 20.00 | Active closing amount: 20 | Order quantity: 1
2025-10-09 02:36:31.407 - INFO - [ASTER_ASTER] [OPEN] [552520897] OPEN 20 @ 2.00800
2025-10-09 02:36:32.051 - INFO - [ASTER_ASTER] [OPEN] [552520897] FILLED 20 @ 2.00800
2025-10-09 02:36:32.372 - INFO - [ASTER_ASTER] [CLOSE] [552521033] OPEN 20 @ 2.00900
2025-10-09 02:36:42.330 - INFO - [ASTER_ASTER] [CLOSE] [552521033] FILLED 20 @ 2.00900
2025-10-09 02:36:55.734 - INFO - [ASTER_ASTER] [OPEN] [552527422] OPEN 20 @ 2.00800
2025-10-09 02:37:07.912 - INFO - [ASTER_ASTER] [OPEN] [552527422] Cancelling order and placing a new order
2025-10-09 02:37:08.022 - INFO - [ASTER_ASTER] [OPEN] [552527422] CANCELED 20 @ 2.00800
2025-10-09 02:37:21.415 - INFO - [ASTER_ASTER] [OPEN] [552534278] OPEN 20 @ 2.00810
2025-10-09 02:37:22.499 - INFO - [ASTER_ASTER] [OPEN] [552534278] FILLED 20 @ 2.00810
2025-10-09 02:37:22.921 - INFO - [ASTER_ASTER] [CLOSE] [552534561] OPEN 20 @ 2.00910
2025-10-09 02:37:31.071 - INFO - [ASTER_ASTER] Current Position: 40.00 | Active closing amount: 40 | Order quantity: 2
2025-10-09 02:37:44.371 - INFO - [ASTER_ASTER] [CLOSE] [552534561] FILLED 20 @ 2.00910
2025-10-09 02:38:09.643 - INFO - [ASTER_ASTER] [CLOSE] [552514612] PARTIALLY_FILLED 12.41 @ 2.01340
2025-10-09 02:38:09.644 - INFO - [ASTER_ASTER] [CLOSE] [552514612] FILLED 20 @ 2.01340
2025-10-09 02:38:10.769 - INFO - [ASTER_ASTER] [OPEN] [552547484] OPEN 20 @ 2.01410
2025-10-09 02:38:10.944 - INFO - [ASTER_ASTER] [OPEN] [552547484] FILLED 20 @ 2.01410
2025-10-09 02:38:11.388 - INFO - [ASTER_ASTER] [CLOSE] [552547760] OPEN 20 @ 2.01510
2025-10-09 02:38:15.149 - INFO - [ASTER_ASTER] [CLOSE] [552547760] PARTIALLY_FILLED 3.11 @ 2.01510
2025-10-09 02:38:15.150 - INFO - [ASTER_ASTER] [CLOSE] [552547760] FILLED 20 @ 2.01510
2025-10-09 02:38:16.110 - INFO - [ASTER_ASTER] [OPEN] [552549424] OPEN 20 @ 2.01570
2025-10-09 02:38:28.556 - INFO - [ASTER_ASTER] [OPEN] [552549424] Cancelling order and placing a new order
2025-10-09 02:38:28.723 - INFO - [ASTER_ASTER] [OPEN] [552549424] CANCELED 20 @ 2.01570
2025-10-09 02:38:29.080 - INFO - [ASTER_ASTER] [OPEN] [552553795] OPEN 20 @ 2.01920
2025-10-09 02:38:29.992 - INFO - [ASTER_ASTER] [OPEN] [552553795] FILLED 20 @ 2.01920
2025-10-09 02:38:30.555 - INFO - [ASTER_ASTER] [CLOSE] [552554399] OPEN 20 @ 2.02020
2025-10-09 02:38:32.942 - INFO - [ASTER_ASTER] Current Position: 20.00 | Active closing amount: 20 | Order quantity: 1
2025-10-09 02:39:16.111 - INFO - [ASTER_ASTER] [CLOSE] [552554399] FILLED 20 @ 2.02020
2025-10-09 02:39:16.571 - INFO - [ASTER_ASTER] [OPEN] [552565440] OPEN 20 @ 2.02050
2025-10-09 02:39:17.750 - INFO - [ASTER_ASTER] [OPEN] [552565440] PARTIALLY_FILLED 13.98 @ 2.02050
2025-10-09 02:39:18.043 - INFO - [ASTER_ASTER] [OPEN] [552565440] FILLED 20 @ 2.02050
2025-10-09 02:39:18.399 - INFO - [ASTER_ASTER] [CLOSE] [552565844] OPEN 20 @ 2.02150
2025-10-09 02:39:33.618 - INFO - [ASTER_ASTER] Current Position: 20.00 | Active closing amount: 20 | Order quantity: 1
2025-10-09 02:40:05.017 - INFO - [ASTER_ASTER] [OPEN] [552574656] OPEN 20 @ 2.01610
2025-10-09 02:40:05.510 - INFO - [ASTER_ASTER] [OPEN] [552574656] FILLED 20 @ 2.01610
2025-10-09 02:40:05.830 - INFO - [ASTER_ASTER] [CLOSE] [552574975] OPEN 20 @ 2.01710
2025-10-09 02:40:08.522 - INFO - [ASTER_ASTER] [CLOSE] [552574975] PARTIALLY_FILLED 8.52 @ 2.01710
2025-10-09 02:40:09.159 - INFO - [ASTER_ASTER] [CLOSE] [552574975] PARTIALLY_FILLED 17.52 @ 2.01710
2025-10-09 02:40:09.807 - INFO - [ASTER_ASTER] [CLOSE] [552574975] FILLED 20 @ 2.01710
2025-10-09 02:40:21.148 - INFO - [ASTER_ASTER] [OPEN] [552579008] OPEN 20 @ 2.01490
2025-10-09 02:40:26.996 - INFO - [ASTER_ASTER] [OPEN] [552579008] FILLED 20 @ 2.01490
2025-10-09 02:40:27.599 - INFO - [ASTER_ASTER] [CLOSE] [552580354] OPEN 20 @ 2.01590
2025-10-09 02:40:34.592 - INFO - [ASTER_ASTER] Current Position: 40.00 | Active closing amount: 40 | Order quantity: 2
2025-10-09 02:40:56.291 - INFO - [ASTER_ASTER] [CLOSE] [552580354] FILLED 20 @ 2.01590
2025-10-09 02:40:56.797 - INFO - [ASTER_ASTER] [OPEN] [552588445] OPEN 20 @ 2.01630
2025-10-09 02:40:57.160 - INFO - [ASTER_ASTER] [OPEN] [552588445] FILLED 20 @ 2.01630
2025-10-09 02:40:57.549 - INFO - [ASTER_ASTER] [CLOSE] [552588980] OPEN 20 @ 2.01730
2025-10-09 02:41:35.550 - INFO - [ASTER_ASTER] Current Position: 40.00 | Active closing amount: 40 | Order quantity: 2
2025-10-09 02:42:19.657 - INFO - [ASTER_ASTER] [CLOSE] [552588980] FILLED 20 @ 2.01730
2025-10-09 02:42:36.324 - INFO - [ASTER_ASTER] Current Position: 20.00 | Active closing amount: 20 | Order quantity: 1
2025-10-09 02:42:44.193 - INFO - [ASTER_ASTER] [OPEN] [552611079] OPEN 20 @ 2.01620
2025-10-09 02:42:44.595 - INFO - [ASTER_ASTER] [OPEN] [552611079] FILLED 20 @ 2.01620
2025-10-09 02:42:45.034 - INFO - [ASTER_ASTER] [CLOSE] [552611317] OPEN 20 @ 2.01720
2025-10-09 02:43:21.903 - INFO - [ASTER_ASTER] [OPEN] [552619075] OPEN 20 @ 2.01150
2025-10-09 02:43:21.904 - INFO - [ASTER_ASTER] [OPEN] [552619075] EXPIRED 20 @ 2.01150
2025-10-09 02:43:22.389 - INFO - [ASTER_ASTER] [OPEN] [552619187] OPEN 20 @ 2.01130
2025-10-09 02:43:24.298 - INFO - [ASTER_ASTER] [OPEN] [552619187] FILLED 20 @ 2.01130
2025-10-09 02:43:24.844 - INFO - [ASTER_ASTER] [CLOSE] [552619666] OPEN 20 @ 2.01230
2025-10-09 02:43:38.193 - INFO - [ASTER_ASTER] Current Position: 60.00 | Active closing amount: 60 | Order quantity: 3
2025-10-09 02:43:58.999 - INFO - [ASTER_ASTER] [OPEN] [552627388] OPEN 20 @ 2.00710
2025-10-09 02:43:58.999 - INFO - [ASTER_ASTER] [OPEN] [552627388] EXPIRED 20 @ 2.00710
2025-10-09 02:43:59.486 - INFO - [ASTER_ASTER] [OPEN] [552627502] OPEN 20 @ 2.00630
2025-10-09 02:44:01.138 - INFO - [ASTER_ASTER] [OPEN] [552627502] FILLED 20 @ 2.00630
2025-10-09 02:44:01.643 - INFO - [ASTER_ASTER] [CLOSE] [552628013] OPEN 20 @ 2.00730
2025-10-09 02:44:03.638 - INFO - [ASTER_ASTER] [CLOSE] [552628013] FILLED 20 @ 2.00730
2025-10-09 02:44:34.682 - INFO - [ASTER_ASTER] [OPEN] [552639448] OPEN 20 @ 2.00710
2025-10-09 02:44:46.781 - INFO - [ASTER_ASTER] [OPEN] [552639448] FILLED 20 @ 2.00710
2025-10-09 02:44:47.116 - INFO - [ASTER_ASTER] [CLOSE] [552642905] OPEN 20 @ 2.00810
2025-10-09 02:44:49.522 - INFO - [ASTER_ASTER] Current Position: 80.00 | Active closing amount: 80 | Order quantity: 4
2025-10-09 02:45:47.593 - INFO - [ASTER_ASTER] [OPEN] [552660966] OPEN 20 @ 2.00200
2025-10-09 02:45:51.594 - INFO - [ASTER_ASTER] [OPEN] [552660966] FILLED 20 @ 2.00200
2025-10-09 02:45:51.926 - INFO - [ASTER_ASTER] [CLOSE] [552661739] OPEN 20 @ 2.00300
2025-10-09 02:45:54.300 - INFO - [ASTER_ASTER] Current Position: 100.00 | Active closing amount: 100 | Order quantity: 5
2025-10-09 02:46:52.507 - INFO - [ASTER_ASTER] [OPEN] [552679562] OPEN 20 @ 1.99510
2025-10-09 02:46:53.097 - INFO - [ASTER_ASTER] [OPEN] [552679562] FILLED 20 @ 1.99510
2025-10-09 02:46:53.531 - INFO - [ASTER_ASTER] [CLOSE] [552679731] OPEN 20 @ 1.99610
2025-10-09 02:46:56.210 - INFO - [ASTER_ASTER] Current Position: 120.00 | Active closing amount: 120 | Order quantity: 6
2025-10-09 02:47:18.141 - INFO - [ASTER_ASTER] [CLOSE] [552679731] FILLED 20 @ 1.99610
2025-10-09 02:47:19.615 - INFO - [ASTER_ASTER] [OPEN] [552685368] OPEN 20 @ 1.99740
2025-10-09 02:47:20.586 - INFO - [ASTER_ASTER] [OPEN] [552685368] FILLED 20 @ 1.99740
2025-10-09 02:47:21.184 - INFO - [ASTER_ASTER] [CLOSE] [552685998] OPEN 20 @ 1.99840
2025-10-09 02:47:28.044 - INFO - [ASTER_ASTER] [CLOSE] [552685998] FILLED 20 @ 1.99840
2025-10-09 02:47:29.484 - INFO - [ASTER_ASTER] [OPEN] [552688335] OPEN 20 @ 1.99830
2025-10-09 02:47:29.625 - INFO - [ASTER_ASTER] [OPEN] [552688335] FILLED 20 @ 1.99830
2025-10-09 02:47:30.059 - INFO - [ASTER_ASTER] [CLOSE] [552688596] OPEN 20 @ 1.99930
2025-10-09 02:47:49.147 - INFO - [ASTER_ASTER] [CLOSE] [552688596] FILLED 20 @ 1.99930
2025-10-09 02:47:57.500 - INFO - [ASTER_ASTER] Current Position: 100.00 | Active closing amount: 100 | Order quantity: 5
2025-10-09 02:48:58.699 - INFO - [ASTER_ASTER] Current Position: 100.00 | Active closing amount: 100 | Order quantity: 5
2025-10-09 02:48:59.138 - INFO - [ASTER_ASTER] [CLOSE] [552661739] FILLED 20 @ 2.00300
2025-10-09 02:49:12.695 - INFO - [ASTER_ASTER] [OPEN] [552710966] OPEN 20 @ 2.00280
2025-10-09 02:49:12.864 - INFO - [ASTER_ASTER] WebSocket disconnected
