2025-10-09 11:57:35.015 - INFO - [ASTER_BNB] === Trading Configuration ===
2025-10-09 11:57:35.016 - INFO - [ASTER_BNB] Ticker: BNB
2025-10-09 11:57:35.016 - INFO - [ASTER_BNB] Contract ID: BNBUSDT
2025-10-09 11:57:35.016 - INFO - [ASTER_BNB] Quantity: 0.1
2025-10-09 11:57:35.016 - INFO - [ASTER_BNB] Take Profit: 0.04%
2025-10-09 11:57:35.017 - INFO - [ASTER_BNB] Direction: buy
2025-10-09 11:57:35.017 - INFO - [ASTER_BNB] Max Orders: 10
2025-10-09 11:57:35.017 - INFO - [ASTER_BNB] Wait Time: 30s
2025-10-09 11:57:35.018 - INFO - [ASTER_BNB] Exchange: aster
2025-10-09 11:57:35.018 - INFO - [ASTER_BNB] Grid Step: 0.2%
2025-10-09 11:57:35.019 - INFO - [ASTER_BNB] Stop Price: -1
2025-10-09 11:57:35.019 - INFO - [ASTER_BNB] Pause Price: -1
2025-10-09 11:57:35.019 - INFO - [ASTER_BNB] Boost Mode: False
2025-10-09 11:57:35.019 - INFO - [ASTER_BNB] =============================
2025-10-09 11:57:35.436 - INFO - [ASTER_BNB] Connected to Aster WebSocket with listen key
2025-10-09 11:57:42.399 - INFO - [ASTER_BNB] Current Position: 0.00 | Active closing amount: 0 | Order quantity: 0
2025-10-09 11:57:42.689 - INFO - [ASTER_BNB] [OPEN] [953553841] OPEN 0.10 @ 1278.700
2025-10-09 11:57:48.632 - INFO - [ASTER_BNB] [OPEN] [953553841] FILLED 0.10 @ 1278.700
2025-10-09 11:57:49.002 - INFO - [ASTER_BNB] [CLOSE] [953554387] OPEN 0.10 @ 1279.200
2025-10-09 11:58:09.311 - INFO - [ASTER_BNB] [CLOSE] [953554387] PARTIALLY_FILLED 0.08 @ 1279.200
2025-10-09 11:58:09.889 - INFO - [ASTER_BNB] [CLOSE] [953554387] FILLED 0.10 @ 1279.200
2025-10-09 11:58:11.097 - INFO - [ASTER_BNB] [OPEN] [953556803] OPEN 0.10 @ 1279
2025-10-09 11:58:23.529 - INFO - [ASTER_BNB] [OPEN] [953556803] Cancelling order and placing a new order
2025-10-09 11:58:23.649 - INFO - [ASTER_BNB] [OPEN] [953556803] CANCELED 0.10 @ 1279
2025-10-09 11:58:24.144 - INFO - [ASTER_BNB] [OPEN] [953558470] OPEN 0.10 @ 1279.200
2025-10-09 11:58:29.027 - INFO - [ASTER_BNB] [OPEN] [953558470] FILLED 0.10 @ 1279.200
2025-10-09 11:58:29.375 - INFO - [ASTER_BNB] [CLOSE] [953558932] OPEN 0.10 @ 1279.700
2025-10-09 11:58:44.003 - INFO - [ASTER_BNB] Current Position: 0.10 | Active closing amount: 0.10 | Order quantity: 1
2025-10-09 11:59:45.152 - INFO - [ASTER_BNB] Current Position: 0.10 | Active closing amount: 0.10 | Order quantity: 1
2025-10-09 11:59:50.881 - INFO - [ASTER_BNB] [CLOSE] [953558932] FILLED 0.10 @ 1279.700
2025-10-09 11:59:51.687 - INFO - [ASTER_BNB] [OPEN] [953567816] OPEN 0.10 @ 1279.700
2025-10-09 12:00:02.156 - INFO - [ASTER_BNB] [OPEN] [953567816] FILLED 0.10 @ 1279.700
2025-10-09 12:00:02.577 - INFO - [ASTER_BNB] [CLOSE] [953569450] OPEN 0.10 @ 1280.200
2025-10-09 12:00:45.692 - INFO - [ASTER_BNB] Current Position: 0.10 | Active closing amount: 0.10 | Order quantity: 1
2025-10-09 12:01:46.729 - INFO - [ASTER_BNB] Current Position: 0.10 | Active closing amount: 0.10 | Order quantity: 1
2025-10-09 12:02:10.286 - INFO - [ASTER_BNB] [CLOSE] [953569450] FILLED 0.10 @ 1280.200
2025-10-09 12:02:11.258 - INFO - [ASTER_BNB] [OPEN] [953587859] OPEN 0.10 @ 1280.200
2025-10-09 12:02:11.775 - INFO - [ASTER_BNB] [OPEN] [953587859] FILLED 0.10 @ 1280.200
2025-10-09 12:02:12.347 - INFO - [ASTER_BNB] [CLOSE] [953588067] OPEN 0.10 @ 1280.700
2025-10-09 12:02:47.209 - INFO - [ASTER_BNB] Current Position: 0.10 | Active closing amount: 0.10 | Order quantity: 1
2025-10-09 12:03:47.939 - INFO - [ASTER_BNB] Current Position: 0.10 | Active closing amount: 0.10 | Order quantity: 1
2025-10-09 12:04:48.697 - INFO - [ASTER_BNB] Current Position: 0.10 | Active closing amount: 0.10 | Order quantity: 1
2025-10-09 12:05:05.477 - INFO - [ASTER_BNB] [CLOSE] [953588067] FILLED 0.10 @ 1280.700
2025-10-09 12:05:05.801 - INFO - [ASTER_BNB] [OPEN] [953607912] OPEN 0.10 @ 1280.700
2025-10-09 12:05:10.770 - INFO - [ASTER_BNB] [OPEN] [953607912] FILLED 0.10 @ 1280.700
2025-10-09 12:05:11.203 - INFO - [ASTER_BNB] [CLOSE] [953608692] OPEN 0.10 @ 1281.200
2025-10-09 12:05:18.556 - INFO - [ASTER_BNB] [CLOSE] [953608692] FILLED 0.10 @ 1281.200
2025-10-09 12:05:19.517 - INFO - [ASTER_BNB] [OPEN] [953609708] OPEN 0.10 @ 1281.200
2025-10-09 12:05:19.926 - INFO - [ASTER_BNB] [OPEN] [953609708] FILLED 0.10 @ 1281.200
2025-10-09 12:05:20.440 - INFO - [ASTER_BNB] [CLOSE] [953609953] OPEN 0.10 @ 1281.700
2025-10-09 12:05:49.956 - INFO - [ASTER_BNB] Current Position: 0.10 | Active closing amount: 0.10 | Order quantity: 1
2025-10-09 12:06:51.026 - INFO - [ASTER_BNB] Current Position: 0.10 | Active closing amount: 0.10 | Order quantity: 1
2025-10-09 12:07:52.166 - INFO - [ASTER_BNB] Current Position: 0.10 | Active closing amount: 0.10 | Order quantity: 1
2025-10-09 12:08:48.194 - INFO - [ASTER_BNB] [OPEN] [953633290] OPEN 0.10 @ 1278.400
2025-10-09 12:08:52.793 - INFO - [ASTER_BNB] [OPEN] [953633290] FILLED 0.10 @ 1278.400
2025-10-09 12:08:53.170 - INFO - [ASTER_BNB] [CLOSE] [953633765] OPEN 0.10 @ 1278.900
2025-10-09 12:08:55.708 - INFO - [ASTER_BNB] Current Position: 0.20 | Active closing amount: 0.20 | Order quantity: 2
2025-10-09 12:09:06.515 - INFO - [ASTER_BNB] [CLOSE] [953633765] FILLED 0.10 @ 1278.900
2025-10-09 12:09:56.891 - INFO - [ASTER_BNB] Current Position: 0.10 | Active closing amount: 0.10 | Order quantity: 1
2025-10-09 12:10:57.744 - INFO - [ASTER_BNB] Current Position: 0.10 | Active closing amount: 0.10 | Order quantity: 1
2025-10-09 12:11:58.053 - INFO - [ASTER_BNB] Current Position: 0.10 | Active closing amount: 0.10 | Order quantity: 1
2025-10-09 12:12:59.463 - INFO - [ASTER_BNB] Current Position: 0.10 | Active closing amount: 0.10 | Order quantity: 1
2025-10-09 12:14:00.101 - INFO - [ASTER_BNB] Current Position: 0.10 | Active closing amount: 0.10 | Order quantity: 1
2025-10-09 12:15:01.080 - INFO - [ASTER_BNB] Current Position: 0.10 | Active closing amount: 0.10 | Order quantity: 1
